Archive member included to satisfy reference by file (symbol)

/home/arduino/ArduinoApps/aura/.cache/sketch/core/core.a(Print.cpp.o)
                              /home/arduino/ArduinoApps/aura/.cache/sketch/sketch/sketch.ino.cpp.o (arduino::Print::write(unsigned char const*, unsigned int))
/home/arduino/ArduinoApps/aura/.cache/sketch/core/core.a(Stream.cpp.o)
                              /home/arduino/ArduinoApps/aura/.cache/sketch/sketch/sketch.ino.cpp.o (arduino::Stream::setTimeout(unsigned long))
/home/arduino/ArduinoApps/aura/.cache/sketch/core/core.a(String.cpp.o)
                              /home/arduino/ArduinoApps/aura/.cache/sketch/sketch/sketch.ino.cpp.o (arduino::String::String(arduino::String&&))
/home/arduino/ArduinoApps/aura/.cache/sketch/core/core.a(itoa.cpp.o)
                              /home/arduino/ArduinoApps/aura/.cache/sketch/core/core.a(String.cpp.o) (dtostrf)
/home/arduino/ArduinoApps/aura/.cache/sketch/core/core.a(llext_wrappers.c.o)
                              /home/arduino/ArduinoApps/aura/.cache/sketch/sketch/sketch.ino.cpp.o (memcpy)
/home/arduino/ArduinoApps/aura/.cache/sketch/core/core.a(main.cpp.o)
                              (main)
/home/arduino/ArduinoApps/aura/.cache/sketch/core/core.a(new.cpp.o)
                              /home/arduino/ArduinoApps/aura/.cache/sketch/sketch/sketch.ino.cpp.o (operator new(unsigned int))
/home/arduino/ArduinoApps/aura/.cache/sketch/core/core.a(threads.cpp.o)
                              /home/arduino/ArduinoApps/aura/.cache/sketch/core/core.a(main.cpp.o) (start_static_threads())
/home/arduino/ArduinoApps/aura/.cache/sketch/core/core.a(zephyrCommon.cpp.o)
                              /home/arduino/ArduinoApps/aura/.cache/sketch/libraries/Sensirion Core/SensirionShdlcCommunication.cpp.o (micros)
/home/arduino/ArduinoApps/aura/.cache/sketch/core/core.a(zephyrPinctrl.cpp.o)
                              /home/arduino/ArduinoApps/aura/.cache/sketch/libraries/Wire/Wire.cpp.o (zephyr::arduino::init_dev_apply_pinctrl(device const*))
/home/arduino/ArduinoApps/aura/.cache/sketch/core/core.a(zephyrSerial.cpp.o)
                              /home/arduino/ArduinoApps/aura/.cache/sketch/libraries/Arduino_RouterBridge/singletons.cpp.o (Serial2)
/home/arduino/.arduino15/packages/zephyr/tools/arm-zephyr-eabi/0.16.8/bin/../lib/gcc/arm-zephyr-eabi/12.2.0/../../../../arm-zephyr-eabi/lib/thumb/v8-m.main+fp/hard/libstdc++_nano.a(functexcept.o)
                              /home/arduino/ArduinoApps/aura/.cache/sketch/sketch/sketch.ino.cpp.o (std::__throw_bad_alloc())
/home/arduino/.arduino15/packages/zephyr/tools/arm-zephyr-eabi/0.16.8/bin/../lib/gcc/arm-zephyr-eabi/12.2.0/../../../../arm-zephyr-eabi/lib/thumb/v8-m.main+fp/hard/libstdc++_nano.a(functional.o)
                              /home/arduino/ArduinoApps/aura/.cache/sketch/sketch/sketch.ino.cpp.o (std::__throw_bad_function_call())
/home/arduino/.arduino15/packages/zephyr/tools/arm-zephyr-eabi/0.16.8/bin/../lib/gcc/arm-zephyr-eabi/12.2.0/../../../../arm-zephyr-eabi/lib/thumb/v8-m.main+fp/hard/libstdc++_nano.a(eh_exception.o)
                              /home/arduino/.arduino15/packages/zephyr/tools/arm-zephyr-eabi/0.16.8/bin/../lib/gcc/arm-zephyr-eabi/12.2.0/../../../../arm-zephyr-eabi/lib/thumb/v8-m.main+fp/hard/libstdc++_nano.a(functional.o) (std::exception::~exception())
/home/arduino/.arduino15/packages/zephyr/tools/arm-zephyr-eabi/0.16.8/bin/../lib/gcc/arm-zephyr-eabi/12.2.0/../../../../arm-zephyr-eabi/lib/thumb/v8-m.main+fp/hard/libstdc++_nano.a(si_class_type_info.o)
                              /home/arduino/.arduino15/packages/zephyr/tools/arm-zephyr-eabi/0.16.8/bin/../lib/gcc/arm-zephyr-eabi/12.2.0/../../../../arm-zephyr-eabi/lib/thumb/v8-m.main+fp/hard/libstdc++_nano.a(functional.o) (vtable for __cxxabiv1::__si_class_type_info)
/home/arduino/.arduino15/packages/zephyr/tools/arm-zephyr-eabi/0.16.8/bin/../lib/gcc/arm-zephyr-eabi/12.2.0/../../../../arm-zephyr-eabi/lib/thumb/v8-m.main+fp/hard/libstdc++_nano.a(tinfo.o)
                              /home/arduino/.arduino15/packages/zephyr/tools/arm-zephyr-eabi/0.16.8/bin/../lib/gcc/arm-zephyr-eabi/12.2.0/../../../../arm-zephyr-eabi/lib/thumb/v8-m.main+fp/hard/libstdc++_nano.a(si_class_type_info.o) (std::type_info::__is_pointer_p() const)
/home/arduino/.arduino15/packages/zephyr/tools/arm-zephyr-eabi/0.16.8/bin/../lib/gcc/arm-zephyr-eabi/12.2.0/../../../../arm-zephyr-eabi/lib/thumb/v8-m.main+fp/hard/libstdc++_nano.a(class_type_info.o)
                              /home/arduino/.arduino15/packages/zephyr/tools/arm-zephyr-eabi/0.16.8/bin/../lib/gcc/arm-zephyr-eabi/12.2.0/../../../../arm-zephyr-eabi/lib/thumb/v8-m.main+fp/hard/libstdc++_nano.a(si_class_type_info.o) (__cxxabiv1::__class_type_info::__do_upcast(__cxxabiv1::__class_type_info const*, void**) const)
[...]
Memory Configuration

Name             Origin             Length             Attributes
*default*        0x0000000000000000 0xffffffffffffffff

Linker script and memory map

LOAD /home/arduino/.arduino15/packages/zephyr/tools/arm-zephyr-eabi/0.16.8/bin/../lib/gcc/arm-zephyr-eabi/12.2.0/../../../../arm-zephyr-eabi/lib/thumb/v8-m.main+fp/hard/libstdc++_nano.a
LOAD /home/arduino/.arduino15/packages/zephyr/tools/arm-zephyr-eabi/0.16.8/bin/../lib/gcc/arm-zephyr-eabi/12.2.0/../../../../arm-zephyr-eabi/lib/thumb/v8-m.main+fp/hard/libsupc++_nano.a
LOAD /home/arduino/.arduino15/packages/zephyr/tools/arm-zephyr-eabi/0.16.8/bin/../lib/gcc/arm-zephyr-eabi/12.2.0/../../../../arm-zephyr-eabi/lib/thumb/v8-m.main+fp/hard/libnosys.a
LOAD /home/arduino/ArduinoApps/aura/.cache/sketch/sketch/sketch.ino.cpp.o
LOAD /home/arduino/ArduinoApps/aura/.cache/sketch/libraries/Wire/Wire.cpp.o
LOAD /home/arduino/ArduinoApps/aura/.cache/sketch/libraries/Arduino_RouterBridge/singletons.cpp.o
LOAD /home/arduino/ArduinoApps/aura/.cache/sketch/libraries/Sensirion I2C SEN5X/SensirionI2CSen5x.cpp.o
LOAD /home/arduino/ArduinoApps/aura/.cache/sketch/libraries/Sensirion Core/SensirionCrc.cpp.o
LOAD /home/arduino/ArduinoApps/aura/.cache/sketch/libraries/Sensirion Core/SensirionErrors.cpp.o
LOAD /home/arduino/ArduinoApps/aura/.cache/sketch/libraries/Sensirion Core/SensirionI2CCommunication.cpp.o
LOAD /home/arduino/ArduinoApps/aura/.cache/sketch/libraries/Sensirion Core/SensirionI2CTxFrame.cpp.o
LOAD /home/arduino/ArduinoApps/aura/.cache/sketch/libraries/Sensirion Core/SensirionRxFrame.cpp.o
LOAD /home/arduino/ArduinoApps/aura/.cache/sketch/libraries/Sensirion Core/SensirionShdlcCommunication.cpp.o
LOAD /home/arduino/ArduinoApps/aura/.cache/sketch/libraries/Sensirion Core/SensirionShdlcTxFrame.cpp.o
LOAD /home/arduino/ArduinoApps/aura/.cache/sketch/libraries/Sensirion I2C SCD4x/SensirionI2cScd4x.cpp.o
LOAD /home/arduino/ArduinoApps/aura/.cache/sketch/libraries/SparkFun Qwiic OLED Arduino Library/qwiic_grbuffer.cpp.o
LOAD /home/arduino/ArduinoApps/aura/.cache/sketch/libraries/SparkFun Qwiic OLED Arduino Library/qwiic_grssd1306.cpp.o
LOAD /home/arduino/ArduinoApps/aura/.cache/sketch/libraries/SparkFun Qwiic OLED Arduino Library/qwiic_i2c.cpp.o
LOAD /home/arduino/ArduinoApps/aura/.cache/sketch/core/analogReference.cpp.o
LOAD /home/arduino/ArduinoApps/aura/.cache/sketch/core/tls-syms.S.o
START GROUP
LOAD /home/arduino/ArduinoApps/aura/.cache/sketch/core/core.a
LOAD /home/arduino/.arduino15/packages/zephyr/tools/arm-zephyr-eabi/0.16.8/bin/../lib/gcc/arm-zephyr-eabi/12.2.0/../../../../arm-zephyr-eabi/lib/thumb/v8-m.main+fp/hard/libstdc++_nano.a
LOAD /home/arduino/.arduino15/packages/zephyr/tools/arm-zephyr-eabi/0.16.8/bin/../lib/gcc/arm-zephyr-eabi/12.2.0/../../../../arm-zephyr-eabi/lib/thumb/v8-m.main+fp/hard/libsupc++_nano.a
LOAD /home/arduino/.arduino15/packages/zephyr/tools/arm-zephyr-eabi/0.16.8/bin/../lib/gcc/arm-zephyr-eabi/12.2.0/../../../../arm-zephyr-eabi/lib/thumb/v8-m.main+fp/hard/libm_nano.a
END GROUP

.rodata         0x0000000000000000      0x3fc
 *(.rodata._ZL11m_rasterOps)
 .rodata._ZL11m_rasterOps
                0x0000000000000000       0x18 /home/arduino/ArduinoApps/aura/.cache/sketch/libraries/SparkFun Qwiic OLED Arduino Library/qwiic_grssd1306.cpp.o
 *(.rodata._ZN6zephyr7arduinoL11pinctrl_mapE)
 .rodata._ZN6zephyr7arduinoL11pinctrl_mapE
                0x0000000000000018       0x88 /home/arduino/ArduinoApps/aura/.cache/sketch/core/core.a(zephyrPinctrl.cpp.o)
 *(.rodata._ZN6zephyr7arduinoL35__pinctrl_states__device_dts_ord_17E)
 .rodata._ZN6zephyr7arduinoL35__pinctrl_states__device_dts_ord_17E
                0x00000000000000a0       0x18 /home/arduino/ArduinoApps/aura/.cache/sketch/core/core.a(zephyrPinctrl.cpp.o)
 *(.rodata._ZN6zephyr7arduinoL35__pinctrl_states__device_dts_ord_25E)
 .rodata._ZN6zephyr7arduinoL35__pinctrl_states__device_dts_ord_25E
                0x00000000000000b8        0x8 /home/arduino/ArduinoApps/aura/.cache/sketch/core/core.a(zephyrPinctrl.cpp.o)
 *(.rodata._ZN6zephyr7arduinoL35__pinctrl_states__device_dts_ord_29E)
 .rodata._ZN6zephyr7arduinoL35__pinctrl_states__device_dts_ord_29E
                0x00000000000000c0        0x8 /home/arduino/ArduinoApps/aura/.cache/sketch/core/core.a(zephyrPinctrl.cpp.o)
 *(.rodata._ZN6zephyr7arduinoL35__pinctrl_states__device_dts_ord_35E)
 .rodata._ZN6zephyr7arduinoL35__pinctrl_states__device_dts_ord_35E
                0x00000000000000c8       0x10 /home/arduino/ArduinoApps/aura/.cache/sketch/core/core.a(zephyrPinctrl.cpp.o)
 *(.rodata._ZN6zephyr7arduinoL35__pinctrl_states__device_dts_ord_55E)
 .rodata._ZN6zephyr7arduinoL35__pinctrl_states__device_dts_ord_55E
                0x00000000000000d8        0x8 /home/arduino/ArduinoApps/aura/.cache/sketch/core/core.a(zephyrPinctrl.cpp.o)
 *(.rodata._ZN6zephyr7arduinoL35__pinctrl_states__device_dts_ord_64E)
 .rodata._ZN6zephyr7arduinoL35__pinctrl_states__device_dts_ord_64E
                0x00000000000000e0        0x8 /home/arduino/ArduinoApps/aura/.cache/sketch/core/core.a(zephyrPinctrl.cpp.o)
 *(.rodata._ZN6zephyr7arduinoL35__pinctrl_states__device_dts_ord_67E)
 .rodata._ZN6zephyr7arduinoL35__pinctrl_states__device_dts_ord_67E
                0x00000000000000e8        0x8 /home/arduino/ArduinoApps/aura/.cache/sketch/core/core.a(zephyrPinctrl.cpp.o)
 *(.rodata._ZN6zephyr7arduinoL35__pinctrl_states__device_dts_ord_72E)
 .rodata._ZN6zephyr7arduinoL35__pinctrl_states__device_dts_ord_72E
                0x00000000000000f0        0x8 /home/arduino/ArduinoApps/aura/.cache/sketch/core/core.a(zephyrPinctrl.cpp.o)
 *(.rodata._ZN6zephyr7arduinoL35__pinctrl_states__device_dts_ord_80E)
 .rodata._ZN6zephyr7arduinoL35__pinctrl_states__device_dts_ord_80E
                0x00000000000000f8       0x10 /home/arduino/ArduinoApps/aura/.cache/sketch/core/core.a(zephyrPinctrl.cpp.o)
 *(.rodata._ZN6zephyr7arduinoL35__pinctrl_states__device_dts_ord_85E)
 .rodata._ZN6zephyr7arduinoL35__pinctrl_states__device_dts_ord_85E
                0x0000000000000108        0x8 /home/arduino/ArduinoApps/aura/.cache/sketch/core/core.a(zephyrPinctrl.cpp.o)
 *(.rodata._ZN6zephyr7arduinoL35__pinctrl_states__device_dts_ord_97E)
 .rodata._ZN6zephyr7arduinoL35__pinctrl_states__device_dts_ord_97E
                0x0000000000000110       0x18 /home/arduino/ArduinoApps/aura/.cache/sketch/core/core.a(zephyrPinctrl.cpp.o)
 *(.rodata._ZN6zephyr7arduinoL36__pinctrl_states__device_dts_ord_102E)
 .rodata._ZN6zephyr7arduinoL36__pinctrl_states__device_dts_ord_102E
                0x0000000000000128       0x18 /home/arduino/ArduinoApps/aura/.cache/sketch/core/core.a(zephyrPinctrl.cpp.o)
 *(.rodata._ZN6zephyr7arduinoL36__pinctrl_states__device_dts_ord_106E)
 .rodata._ZN6zephyr7arduinoL36__pinctrl_states__device_dts_ord_106E
                0x0000000000000140       0x18 /home/arduino/ArduinoApps/aura/.cache/sketch/core/core.a(zephyrPinctrl.cpp.o)
 *(.rodata._ZN6zephyr7arduinoL36__pinctrl_states__device_dts_ord_111E)
 .rodata._ZN6zephyr7arduinoL36__pinctrl_states__device_dts_ord_111E
                0x0000000000000158       0x18 /home/arduino/ArduinoApps/aura/.cache/sketch/core/core.a(zephyrPinctrl.cpp.o)
 *(.rodata._ZN6zephyr7arduinoL36__pinctrl_states__device_dts_ord_117E)
 .rodata._ZN6zephyr7arduinoL36__pinctrl_states__device_dts_ord_117E
                0x0000000000000170       0x18 /home/arduino/ArduinoApps/aura/.cache/sketch/core/core.a(zephyrPinctrl.cpp.o)
 *(.rodata._ZN6zephyr7arduinoL36__pinctrl_states__device_dts_ord_120E)
 .rodata._ZN6zephyr7arduinoL36__pinctrl_states__device_dts_ord_120E
                0x0000000000000188       0x18 /home/arduino/ArduinoApps/aura/.cache/sketch/core/core.a(zephyrPinctrl.cpp.o)
 *(.rodata._ZN6zephyr7arduinoL39__pinctrl_dev_config__device_dts_ord_17E)
 .rodata._ZN6zephyr7arduinoL39__pinctrl_dev_config__device_dts_ord_17E
                0x00000000000001a0        0x8 /home/arduino/ArduinoApps/aura/.cache/sketch/core/core.a(zephyrPinctrl.cpp.o)
 *(.rodata._ZN6zephyr7arduinoL39__pinctrl_dev_config__device_dts_ord_25E)
 .rodata._ZN6zephyr7arduinoL39__pinctrl_dev_config__device_dts_ord_25E
                0x00000000000001a8        0x8 /home/arduino/ArduinoApps/aura/.cache/sketch/core/core.a(zephyrPinctrl.cpp.o)
 *(.rodata._ZN6zephyr7arduinoL39__pinctrl_dev_config__device_dts_ord_29E)
 .rodata._ZN6zephyr7arduinoL39__pinctrl_dev_config__device_dts_ord_29E
                0x00000000000001b0        0x8 /home/arduino/ArduinoApps/aura/.cache/sketch/core/core.a(zephyrPinctrl.cpp.o)
 *(.rodata._ZN6zephyr7arduinoL39__pinctrl_dev_config__device_dts_ord_35E)
 .rodata._ZN6zephyr7arduinoL39__pinctrl_dev_config__device_dts_ord_35E
                0x00000000000001b8        0x8 /home/arduino/ArduinoApps/aura/.cache/sketch/core/core.a(zephyrPinctrl.cpp.o)
 *(.rodata._ZN6zephyr7arduinoL39__pinctrl_dev_config__device_dts_ord_55E)
 .rodata._ZN6zephyr7arduinoL39__pinctrl_dev_config__device_dts_ord_55E
                0x00000000000001c0        0x8 /home/arduino/ArduinoApps/aura/.cache/sketch/core/core.a(zephyrPinctrl.cpp.o)
 *(.rodata._ZN6zephyr7arduinoL39__pinctrl_dev_config__device_dts_ord_64E)
 .rodata._ZN6zephyr7arduinoL39__pinctrl_dev_config__device_dts_ord_64E
                0x00000000000001c8        0x8 /home/arduino/ArduinoApps/aura/.cache/sketch/core/core.a(zephyrPinctrl.cpp.o)
 *(.rodata._ZN6zephyr7arduinoL39__pinctrl_dev_config__device_dts_ord_67E)
 .rodata._ZN6zephyr7arduinoL39__pinctrl_dev_config__device_dts_ord_67E
                0x00000000000001d0        0x8 /home/arduino/ArduinoApps/aura/.cache/sketch/core/core.a(zephyrPinctrl.cpp.o)
 *(.rodata._ZN6zephyr7arduinoL39__pinctrl_dev_config__device_dts_ord_72E)
 .rodata._ZN6zephyr7arduinoL39__pinctrl_dev_config__device_dts_ord_72E
                0x00000000000001d8        0x8 /home/arduino/ArduinoApps/aura/.cache/sketch/core/core.a(zephyrPinctrl.cpp.o)
 *(.rodata._ZN6zephyr7arduinoL39__pinctrl_dev_config__device_dts_ord_80E)
 .rodata._ZN6zephyr7arduinoL39__pinctrl_dev_config__device_dts_ord_80E
                0x00000000000001e0        0x8 /home/arduino/ArduinoApps/aura/.cache/sketch/core/core.a(zephyrPinctrl.cpp.o)
 *(.rodata._ZN6zephyr7arduinoL39__pinctrl_dev_config__device_dts_ord_85E)
 .rodata._ZN6zephyr7arduinoL39__pinctrl_dev_config__device_dts_ord_85E
                0x00000000000001e8        0x8 /home/arduino/ArduinoApps/aura/.cache/sketch/core/core.a(zephyrPinctrl.cpp.o)
 *(.rodata._ZN6zephyr7arduinoL39__pinctrl_dev_config__device_dts_ord_97E)
 .rodata._ZN6zephyr7arduinoL39__pinctrl_dev_config__device_dts_ord_97E
                0x00000000000001f0        0x8 /home/arduino/ArduinoApps/aura/.cache/sketch/core/core.a(zephyrPinctrl.cpp.o)
 *(.rodata._ZN6zephyr7arduinoL40__pinctrl_dev_config__device_dts_ord_102E)
 .rodata._ZN6zephyr7arduinoL40__pinctrl_dev_config__device_dts_ord_102E
                0x00000000000001f8        0x8 /home/arduino/ArduinoApps/aura/.cache/sketch/core/core.a(zephyrPinctrl.cpp.o)
 *(.rodata._ZN6zephyr7arduinoL40__pinctrl_dev_config__device_dts_ord_106E)
 .rodata._ZN6zephyr7arduinoL40__pinctrl_dev_config__device_dts_ord_106E
                0x0000000000000200        0x8 /home/arduino/ArduinoApps/aura/.cache/sketch/core/core.a(zephyrPinctrl.cpp.o)
 *(.rodata._ZN6zephyr7arduinoL40__pinctrl_dev_config__device_dts_ord_111E)
 .rodata._ZN6zephyr7arduinoL40__pinctrl_dev_config__device_dts_ord_111E
                0x0000000000000208        0x8 /home/arduino/ArduinoApps/aura/.cache/sketch/core/core.a(zephyrPinctrl.cpp.o)
 *(.rodata._ZN6zephyr7arduinoL40__pinctrl_dev_config__device_dts_ord_117E)
 .rodata._ZN6zephyr7arduinoL40__pinctrl_dev_config__device_dts_ord_117E
                0x0000000000000210        0x8 /home/arduino/ArduinoApps/aura/.cache/sketch/core/core.a(zephyrPinctrl.cpp.o)
 *(.rodata._ZN6zephyr7arduinoL40__pinctrl_dev_config__device_dts_ord_120E)
 .rodata._ZN6zephyr7arduinoL40__pinctrl_dev_config__device_dts_ord_120E
                0x0000000000000218        0x8 /home/arduino/ArduinoApps/aura/.cache/sketch/core/core.a(zephyrPinctrl.cpp.o)
 *(.rodata._ZTV10QwFont8x16)
 .rodata._ZTV10QwFont8x16
                0x0000000000000220        0xc /home/arduino/ArduinoApps/aura/.cache/sketch/sketch/sketch.ino.cpp.o
                0x0000000000000220                vtable for QwFont8x16
 *(.rodata._ZTV10QwOLED1in3)
 .rodata._ZTV10QwOLED1in3
                0x000000000000022c       0x3c /home/arduino/ArduinoApps/aura/.cache/sketch/sketch/sketch.ino.cpp.o
                0x000000000000022c                vtable for QwOLED1in3
 *(.rodata._ZTV11QwGrSSD1306)
 .rodata._ZTV11QwGrSSD1306
                0x0000000000000268       0x3c /home/arduino/ArduinoApps/aura/.cache/sketch/libraries/SparkFun Qwiic OLED Arduino Library/qwiic_grssd1306.cpp.o
                0x0000000000000268                vtable for QwGrSSD1306
 *(.rodata._ZTV13BridgeMonitorILj512EE)
 .rodata._ZTV13BridgeMonitorILj512EE
                0x00000000000002a4       0x24 /home/arduino/ArduinoApps/aura/.cache/sketch/libraries/Arduino_RouterBridge/singletons.cpp.o
                0x00000000000002a4                vtable for BridgeMonitor<512u>
 *(.rodata._ZTV13Qwiic1in3OLED)
 .rodata._ZTV13Qwiic1in3OLED
                0x00000000000002c8       0x18 /home/arduino/ArduinoApps/aura/.cache/sketch/sketch/sketch.ino.cpp.o
                0x00000000000002c8                vtable for Qwiic1in3OLED
 *(.rodata._ZTV15SerialTransport)
 .rodata._ZTV15SerialTransport
                0x00000000000002e0       0x20 /home/arduino/ArduinoApps/aura/.cache/sketch/sketch/sketch.ino.cpp.o
                0x00000000000002e0                vtable for SerialTransport
 *(.rodata._ZTV18QwiicOLEDBaseClassI10QwOLED1in3E)
 .rodata._ZTV18QwiicOLEDBaseClassI10QwOLED1in3E
                0x0000000000000300       0x18 /home/arduino/ArduinoApps/aura/.cache/sketch/sketch/sketch.ino.cpp.o
                0x0000000000000300                vtable for QwiicOLEDBaseClass<QwOLED1in3>
 *(.rodata._ZTV18RpcFunctionWrapperISt8functionIFvN7arduino6StringEEEE)
 .rodata._ZTV18RpcFunctionWrapperISt8functionIFvN7arduino6StringEEEE
                0x0000000000000318       0x14 /home/arduino/ArduinoApps/aura/.cache/sketch/sketch/sketch.ino.cpp.o
                0x0000000000000318                vtable for RpcFunctionWrapper<std::function<void (arduino::String)> >
 *(.rodata._ZTV18RpcFunctionWrapperISt8functionIFviN7arduino6StringEEEE)
 .rodata._ZTV18RpcFunctionWrapperISt8functionIFviN7arduino6StringEEEE
                0x000000000000032c       0x14 /home/arduino/ArduinoApps/aura/.cache/sketch/sketch/sketch.ino.cpp.o
                0x000000000000032c                vtable for RpcFunctionWrapper<std::function<void (int, arduino::String)> >
 *(.rodata._ZTV18RpcFunctionWrapperISt8functionIFviiiEEE)
 .rodata._ZTV18RpcFunctionWrapperISt8functionIFviiiEEE
                0x0000000000000340       0x14 /home/arduino/ArduinoApps/aura/.cache/sketch/sketch/sketch.ino.cpp.o
                0x0000000000000340                vtable for RpcFunctionWrapper<std::function<void (int, int, int)> >
 *(.rodata._ZTV18RpcFunctionWrapperISt8functionIFvvEEE)
 .rodata._ZTV18RpcFunctionWrapperISt8functionIFvvEEE
                0x0000000000000354       0x14 /home/arduino/ArduinoApps/aura/.cache/sketch/sketch/sketch.ino.cpp.o
                0x0000000000000354                vtable for RpcFunctionWrapper<std::function<void ()> >
 *(.rodata._ZTV9QwFont5x7)
 .rodata._ZTV9QwFont5x7
                0x0000000000000368        0xc /home/arduino/ArduinoApps/aura/.cache/sketch/sketch/sketch.ino.cpp.o
                0x0000000000000368                vtable for QwFont5x7
 *(.rodata._ZTVN7arduino12ZephyrSerialE)
 .rodata._ZTVN7arduino12ZephyrSerialE
                0x0000000000000374       0x34 /home/arduino/ArduinoApps/aura/.cache/sketch/core/core.a(zephyrSerial.cpp.o)
                0x0000000000000374                vtable for arduino::ZephyrSerial
 *(.rodata._ZTVN7arduino9ZephyrI2CE)
 .rodata._ZTVN7arduino9ZephyrI2CE
                0x00000000000003a8       0x54 /home/arduino/ArduinoApps/aura/.cache/sketch/libraries/Wire/Wire.cpp.o
                0x00000000000003a8                vtable for arduino::ZephyrI2C

.llext.rodata.noreloc
                0x00000000000003fc     0x16e3
 *(.rodata.CSWTCH.294)
 .rodata.CSWTCH.294
                0x00000000000003fc        0x8 /home/arduino/ArduinoApps/aura/.cache/sketch/libraries/Sensirion Core/SensirionI2CCommunication.cpp.o
 *(.rodata._Z11reportStatev.str1.1)
 .rodata._Z11reportStatev.str1.1
                0x0000000000000404       0x35 /home/arduino/ArduinoApps/aura/.cache/sketch/sketch/sketch.ino.cpp.o
 *(.rodata._Z13errorToStringtPcj.str1.1)
 .rodata._Z13errorToStringtPcj.str1.1
                0x0000000000000439      0x25a /home/arduino/ArduinoApps/aura/.cache/sketch/libraries/Sensirion Core/SensirionErrors.cpp.o
 *(.rodata._Z16startFanCleaningv.str1.1)
 .rodata._Z16startFanCleaningv.str1.1
                0x0000000000000693       0x58 /home/arduino/ArduinoApps/aura/.cache/sketch/sketch/sketch.ino.cpp.o
 *(.rodata._ZL11initScd41OnRN7arduino9ZephyrI2CEPKc.str1.1)
 .rodata._ZL11initScd41OnRN7arduino9ZephyrI2CEPKc.str1.1
                0x00000000000006eb       0x4c /home/arduino/ArduinoApps/aura/.cache/sketch/sketch/sketch.ino.cpp.o
 *(.rodata._ZL11initSen55OnRN7arduino9ZephyrI2CEPKc.str1.1)
 .rodata._ZL11initSen55OnRN7arduino9ZephyrI2CEPKc.str1.1
                0x0000000000000737       0x7a /home/arduino/ArduinoApps/aura/.cache/sketch/sketch/sketch.ino.cpp.o
 *(.rodata._ZL12drawBootStepPKch.str1.1)
 .rodata._ZL12drawBootStepPKch.str1.1
                0x00000000000007b1        0x5 /home/arduino/ArduinoApps/aura/.cache/sketch/sketch/sketch.ino.cpp.o
 *(.rodata._ZL16formatOneDecimalPcjf.constprop.0.str1.1)
 .rodata._ZL16formatOneDecimalPcjf.constprop.0.str1.1
                0x00000000000007b6        0xd /home/arduino/ArduinoApps/aura/.cache/sketch/sketch/sketch.ino.cpp.o
 *(.rodata._ZL18reportSensorStatusb.str1.1)
 .rodata._ZL18reportSensorStatusb.str1.1
                0x00000000000007c3       0x99 /home/arduino/ArduinoApps/aura/.cache/sketch/sketch/sketch.ino.cpp.o
 *(.rodata._ZL7logLineRKN7arduino6StringE.str1.1)
 .rodata._ZL7logLineRKN7arduino6StringE.str1.1
                0x000000000000085c        0x4 /home/arduino/ArduinoApps/aura/.cache/sketch/sketch/sketch.ino.cpp.o
 *(.rodata._ZL8logErrorRKN7arduino6StringEt.str1.1)
 .rodata._ZL8logErrorRKN7arduino6StringEt.str1.1
                0x0000000000000860        0x3 /home/arduino/ArduinoApps/aura/.cache/sketch/sketch/sketch.ino.cpp.o
 *(.rodata._ZL9initSen55v.str1.1)
 .rodata._ZL9initSen55v.str1.1
                0x0000000000000863       0x11 /home/arduino/ArduinoApps/aura/.cache/sketch/sketch/sketch.ino.cpp.o
 *(.rodata._ZN10RpcDecoderILj1024EE12get_responseIN7arduino7msgpack6object5nil_tEEEbjRT_R8RpcError.str1.1)
 .rodata._ZN10RpcDecoderILj1024EE12get_responseIN7arduino7msgpack6object5nil_tEEEbjRT_R8RpcError.str1.1
                0x0000000000000874       0x7b /home/arduino/ArduinoApps/aura/.cache/sketch/libraries/Arduino_RouterBridge/singletons.cpp.o
 *(.rodata._ZN10RpcDecoderILj1024EE12get_responseIbEEbjRT_R8RpcError.str1.1)
 .rodata._ZN10RpcDecoderILj1024EE12get_responseIbEEbjRT_R8RpcError.str1.1
                0x00000000000008ef       0x7b /home/arduino/ArduinoApps/aura/.cache/sketch/sketch/sketch.ino.cpp.o
 *(.rodata._ZN11BridgeClass11update_safeEv.str1.1)
 .rodata._ZN11BridgeClass11update_safeEv.str1.1
                0x000000000000096a        0x9 /home/arduino/ArduinoApps/aura/.cache/sketch/sketch/sketch.ino.cpp.o
 *(.rodata._ZN11BridgeClass5beginEm.str1.1)
 .rodata._ZN11BridgeClass5beginEm.str1.1
                0x0000000000000973       0x45 /home/arduino/ArduinoApps/aura/.cache/sketch/sketch/sketch.ino.cpp.o
 *(.rodata._ZN11BridgeClass7provideIRFvvEEEbRKN7arduino6StringEOT_.isra.0.str1.1)
 .rodata._ZN11BridgeClass7provideIRFvvEEEbRKN7arduino6StringEOT_.isra.0.str1.1
                0x00000000000009b8        0xb /home/arduino/ArduinoApps/aura/.cache/sketch/sketch/sketch.ino.cpp.o
 *(.rodata._ZN13BridgeMonitorILj512EE5_readEj.str1.1)
 .rodata._ZN13BridgeMonitorILj512EE5_readEj.str1.1
                0x00000000000009c3        0x9 /home/arduino/ArduinoApps/aura/.cache/sketch/libraries/Arduino_RouterBridge/singletons.cpp.o
 *(.rodata._ZN13BridgeMonitorILj512EE5writeEPKhj.str1.1)
 .rodata._ZN13BridgeMonitorILj512EE5writeEPKhj.str1.1
                0x00000000000009cc        0xa /home/arduino/ArduinoApps/aura/.cache/sketch/libraries/Arduino_RouterBridge/singletons.cpp.o
 *(.rodata._ZN13BridgeMonitorILj512EEcvbEv.str1.1)
 .rodata._ZN13BridgeMonitorILj512EEcvbEv.str1.1
                0x00000000000009d6       0x4d /home/arduino/ArduinoApps/aura/.cache/sketch/libraries/Arduino_RouterBridge/singletons.cpp.o
 *(.rodata._ZN13fontSingletonI10QwFont8x16E8instanceEv.str1.1)
 .rodata._ZN13fontSingletonI10QwFont8x16E8instanceEv.str1.1
                0x0000000000000a23        0x7 /home/arduino/ArduinoApps/aura/.cache/sketch/sketch/sketch.ino.cpp.o
 *(.rodata._ZN13fontSingletonI9QwFont5x7E8instanceEv.str1.1)
 .rodata._ZN13fontSingletonI9QwFont5x7E8instanceEv.str1.1
                0x0000000000000a2a        0x6 /home/arduino/ArduinoApps/aura/.cache/sketch/sketch/sketch.ino.cpp.o
 *(.rodata._ZN16QwGrBufferDevice17initDrawFunctionsEv.str1.1)
 .rodata._ZN16QwGrBufferDevice17initDrawFunctionsEv.str1.1
                0x0000000000000a30       0x48 /home/arduino/ArduinoApps/aura/.cache/sketch/libraries/SparkFun Qwiic OLED Arduino Library/qwiic_grbuffer.cpp.o
 *(.rodata._ZN18RpcFunctionWrapperISt8functionIFvN7arduino6StringEEEEclERNS1_7msgpack8UnpackerERNS6_6PackerE.str1.1)
 .rodata._ZN18RpcFunctionWrapperISt8functionIFvN7arduino6StringEEEEclERNS1_7msgpack8UnpackerERNS6_6PackerE.str1.1
                0x0000000000000a78       0xa6 /home/arduino/ArduinoApps/aura/.cache/sketch/sketch/sketch.ino.cpp.o
 *(.rodata._ZN6zephyr7arduinoL41__pinctrl_state_pins_0__device_dts_ord_17E)
 *fill*         0x0000000000000b1e        0x2 
 .rodata._ZN6zephyr7arduinoL41__pinctrl_state_pins_0__device_dts_ord_17E
                0x0000000000000b20        0x0 /home/arduino/ArduinoApps/aura/.cache/sketch/core/core.a(zephyrPinctrl.cpp.o)
 *(.rodata._ZN6zephyr7arduinoL41__pinctrl_state_pins_0__device_dts_ord_25E)
 .rodata._ZN6zephyr7arduinoL41__pinctrl_state_pins_0__device_dts_ord_25E
                0x0000000000000b20       0x10 /home/arduino/ArduinoApps/aura/.cache/sketch/core/core.a(zephyrPinctrl.cpp.o)
 *(.rodata._ZN6zephyr7arduinoL41__pinctrl_state_pins_0__device_dts_ord_29E)
 .rodata._ZN6zephyr7arduinoL41__pinctrl_state_pins_0__device_dts_ord_29E
                0x0000000000000b30       0x10 /home/arduino/ArduinoApps/aura/.cache/sketch/core/core.a(zephyrPinctrl.cpp.o)
 *(.rodata._ZN6zephyr7arduinoL41__pinctrl_state_pins_0__device_dts_ord_35E)
 .rodata._ZN6zephyr7arduinoL41__pinctrl_state_pins_0__device_dts_ord_35E
                0x0000000000000b40       0x10 /home/arduino/ArduinoApps/aura/.cache/sketch/core/core.a(zephyrPinctrl.cpp.o)
 *(.rodata._ZN6zephyr7arduinoL41__pinctrl_state_pins_0__device_dts_ord_55E)
 .rodata._ZN6zephyr7arduinoL41__pinctrl_state_pins_0__device_dts_ord_55E
                0x0000000000000b50       0x10 /home/arduino/ArduinoApps/aura/.cache/sketch/core/core.a(zephyrPinctrl.cpp.o)
 *(.rodata._ZN6zephyr7arduinoL41__pinctrl_state_pins_0__device_dts_ord_64E)
 .rodata._ZN6zephyr7arduinoL41__pinctrl_state_pins_0__device_dts_ord_64E
                0x0000000000000b60       0x10 /home/arduino/ArduinoApps/aura/.cache/sketch/core/core.a(zephyrPinctrl.cpp.o)
 *(.rodata._ZN6zephyr7arduinoL41__pinctrl_state_pins_0__device_dts_ord_67E)
 .rodata._ZN6zephyr7arduinoL41__pinctrl_state_pins_0__device_dts_ord_67E
                0x0000000000000b70       0x10 /home/arduino/ArduinoApps/aura/.cache/sketch/core/core.a(zephyrPinctrl.cpp.o)
 *(.rodata._ZN6zephyr7arduinoL41__pinctrl_state_pins_0__device_dts_ord_72E)
 .rodata._ZN6zephyr7arduinoL41__pinctrl_state_pins_0__device_dts_ord_72E
                0x0000000000000b80       0x20 /home/arduino/ArduinoApps/aura/.cache/sketch/core/core.a(zephyrPinctrl.cpp.o)
 *(.rodata._ZN6zephyr7arduinoL41__pinctrl_state_pins_0__device_dts_ord_80E)
 .rodata._ZN6zephyr7arduinoL41__pinctrl_state_pins_0__device_dts_ord_80E
                0x0000000000000ba0       0x20 /home/arduino/ArduinoApps/aura/.cache/sketch/core/core.a(zephyrPinctrl.cpp.o)
 *(.rodata._ZN6zephyr7arduinoL41__pinctrl_state_pins_0__device_dts_ord_85E)
 .rodata._ZN6zephyr7arduinoL41__pinctrl_state_pins_0__device_dts_ord_85E
                0x0000000000000bc0       0x20 /home/arduino/ArduinoApps/aura/.cache/sketch/core/core.a(zephyrPinctrl.cpp.o)
 *(.rodata._ZN6zephyr7arduinoL41__pinctrl_state_pins_0__device_dts_ord_97E)
 .rodata._ZN6zephyr7arduinoL41__pinctrl_state_pins_0__device_dts_ord_97E
                0x0000000000000be0        0x0 /home/arduino/ArduinoApps/aura/.cache/sketch/core/core.a(zephyrPinctrl.cpp.o)
 *(.rodata._ZN6zephyr7arduinoL41__pinctrl_state_pins_1__device_dts_ord_17E)
 .rodata._ZN6zephyr7arduinoL41__pinctrl_state_pins_1__device_dts_ord_17E
                0x0000000000000be0        0x0 /home/arduino/ArduinoApps/aura/.cache/sketch/core/core.a(zephyrPinctrl.cpp.o)
 *(.rodata._ZN6zephyr7arduinoL41__pinctrl_state_pins_1__device_dts_ord_35E)
 .rodata._ZN6zephyr7arduinoL41__pinctrl_state_pins_1__device_dts_ord_35E
                0x0000000000000be0       0x10 /home/arduino/ArduinoApps/aura/.cache/sketch/core/core.a(zephyrPinctrl.cpp.o)
 *(.rodata._ZN6zephyr7arduinoL41__pinctrl_state_pins_1__device_dts_ord_80E)
 .rodata._ZN6zephyr7arduinoL41__pinctrl_state_pins_1__device_dts_ord_80E
                0x0000000000000bf0       0x18 /home/arduino/ArduinoApps/aura/.cache/sketch/core/core.a(zephyrPinctrl.cpp.o)
 *(.rodata._ZN6zephyr7arduinoL41__pinctrl_state_pins_1__device_dts_ord_97E)
 .rodata._ZN6zephyr7arduinoL41__pinctrl_state_pins_1__device_dts_ord_97E
                0x0000000000000c08        0x0 /home/arduino/ArduinoApps/aura/.cache/sketch/core/core.a(zephyrPinctrl.cpp.o)
 *(.rodata._ZN6zephyr7arduinoL41__pinctrl_state_pins_2__device_dts_ord_17E)
 .rodata._ZN6zephyr7arduinoL41__pinctrl_state_pins_2__device_dts_ord_17E
                0x0000000000000c08       0x30 /home/arduino/ArduinoApps/aura/.cache/sketch/core/core.a(zephyrPinctrl.cpp.o)
 *(.rodata._ZN6zephyr7arduinoL41__pinctrl_state_pins_2__device_dts_ord_97E)
 .rodata._ZN6zephyr7arduinoL41__pinctrl_state_pins_2__device_dts_ord_97E
                0x0000000000000c38       0x18 /home/arduino/ArduinoApps/aura/.cache/sketch/core/core.a(zephyrPinctrl.cpp.o)
 *(.rodata._ZN6zephyr7arduinoL42__pinctrl_state_pins_0__device_dts_ord_102E)
 .rodata._ZN6zephyr7arduinoL42__pinctrl_state_pins_0__device_dts_ord_102E
                0x0000000000000c50        0x0 /home/arduino/ArduinoApps/aura/.cache/sketch/core/core.a(zephyrPinctrl.cpp.o)
 *(.rodata._ZN6zephyr7arduinoL42__pinctrl_state_pins_0__device_dts_ord_106E)
 .rodata._ZN6zephyr7arduinoL42__pinctrl_state_pins_0__device_dts_ord_106E
                0x0000000000000c50        0x0 /home/arduino/ArduinoApps/aura/.cache/sketch/core/core.a(zephyrPinctrl.cpp.o)
 *(.rodata._ZN6zephyr7arduinoL42__pinctrl_state_pins_0__device_dts_ord_111E)
 .rodata._ZN6zephyr7arduinoL42__pinctrl_state_pins_0__device_dts_ord_111E
                0x0000000000000c50        0x0 /home/arduino/ArduinoApps/aura/.cache/sketch/core/core.a(zephyrPinctrl.cpp.o)
 *(.rodata._ZN6zephyr7arduinoL42__pinctrl_state_pins_0__device_dts_ord_117E)
 .rodata._ZN6zephyr7arduinoL42__pinctrl_state_pins_0__device_dts_ord_117E
                0x0000000000000c50        0x0 /home/arduino/ArduinoApps/aura/.cache/sketch/core/core.a(zephyrPinctrl.cpp.o)
 *(.rodata._ZN6zephyr7arduinoL42__pinctrl_state_pins_0__device_dts_ord_120E)
 .rodata._ZN6zephyr7arduinoL42__pinctrl_state_pins_0__device_dts_ord_120E
                0x0000000000000c50        0x0 /home/arduino/ArduinoApps/aura/.cache/sketch/core/core.a(zephyrPinctrl.cpp.o)
 *(.rodata._ZN6zephyr7arduinoL42__pinctrl_state_pins_1__device_dts_ord_102E)
 .rodata._ZN6zephyr7arduinoL42__pinctrl_state_pins_1__device_dts_ord_102E
                0x0000000000000c50        0x0 /home/arduino/ArduinoApps/aura/.cache/sketch/core/core.a(zephyrPinctrl.cpp.o)
 *(.rodata._ZN6zephyr7arduinoL42__pinctrl_state_pins_1__device_dts_ord_106E)
 .rodata._ZN6zephyr7arduinoL42__pinctrl_state_pins_1__device_dts_ord_106E
                0x0000000000000c50        0x0 /home/arduino/ArduinoApps/aura/.cache/sketch/core/core.a(zephyrPinctrl.cpp.o)
 *(.rodata._ZN6zephyr7arduinoL42__pinctrl_state_pins_1__device_dts_ord_111E)
 .rodata._ZN6zephyr7arduinoL42__pinctrl_state_pins_1__device_dts_ord_111E
                0x0000000000000c50        0x0 /home/arduino/ArduinoApps/aura/.cache/sketch/core/core.a(zephyrPinctrl.cpp.o)
 *(.rodata._ZN6zephyr7arduinoL42__pinctrl_state_pins_1__device_dts_ord_117E)
 .rodata._ZN6zephyr7arduinoL42__pinctrl_state_pins_1__device_dts_ord_117E
                0x0000000000000c50        0x0 /home/arduino/ArduinoApps/aura/.cache/sketch/core/core.a(zephyrPinctrl.cpp.o)
 *(.rodata._ZN6zephyr7arduinoL42__pinctrl_state_pins_1__device_dts_ord_120E)
 .rodata._ZN6zephyr7arduinoL42__pinctrl_state_pins_1__device_dts_ord_120E
                0x0000000000000c50        0x0 /home/arduino/ArduinoApps/aura/.cache/sketch/core/core.a(zephyrPinctrl.cpp.o)
 *(.rodata._ZN6zephyr7arduinoL42__pinctrl_state_pins_2__device_dts_ord_102E)
 .rodata._ZN6zephyr7arduinoL42__pinctrl_state_pins_2__device_dts_ord_102E
                0x0000000000000c50       0x18 /home/arduino/ArduinoApps/aura/.cache/sketch/core/core.a(zephyrPinctrl.cpp.o)
 *(.rodata._ZN6zephyr7arduinoL42__pinctrl_state_pins_2__device_dts_ord_106E)
 .rodata._ZN6zephyr7arduinoL42__pinctrl_state_pins_2__device_dts_ord_106E
                0x0000000000000c68       0x10 /home/arduino/ArduinoApps/aura/.cache/sketch/core/core.a(zephyrPinctrl.cpp.o)
 *(.rodata._ZN6zephyr7arduinoL42__pinctrl_state_pins_2__device_dts_ord_111E)
 .rodata._ZN6zephyr7arduinoL42__pinctrl_state_pins_2__device_dts_ord_111E
                0x0000000000000c78       0x18 /home/arduino/ArduinoApps/aura/.cache/sketch/core/core.a(zephyrPinctrl.cpp.o)
 *(.rodata._ZN6zephyr7arduinoL42__pinctrl_state_pins_2__device_dts_ord_117E)
 .rodata._ZN6zephyr7arduinoL42__pinctrl_state_pins_2__device_dts_ord_117E
                0x0000000000000c90       0x20 /home/arduino/ArduinoApps/aura/.cache/sketch/core/core.a(zephyrPinctrl.cpp.o)
 *(.rodata._ZN6zephyr7arduinoL42__pinctrl_state_pins_2__device_dts_ord_120E)
 .rodata._ZN6zephyr7arduinoL42__pinctrl_state_pins_2__device_dts_ord_120E
                0x0000000000000cb0        0x8 /home/arduino/ArduinoApps/aura/.cache/sketch/core/core.a(zephyrPinctrl.cpp.o)
 *(.rodata._ZN7RpcCallIJEE6resultIbEEbRT_.part.0.str1.1)
 .rodata._ZN7RpcCallIJEE6resultIbEEbRT_.part.0.str1.1
                0x0000000000000cb8       0x21 /home/arduino/ArduinoApps/aura/.cache/sketch/sketch/sketch.ino.cpp.o
 *(.rodata._ZN7RpcCallIJEEC2ERKN7arduino6StringEP9RPCClientP7k_mutexS8_.str1.1)
 .rodata._ZN7RpcCallIJEEC2ERKN7arduino6StringEP9RPCClientP7k_mutexS8_.str1.1
                0x0000000000000cd9       0x1e /home/arduino/ArduinoApps/aura/.cache/sketch/sketch/sketch.ino.cpp.o
 *(.rodata._ZN7arduino5Print7printlnEv.str1.1)
 .rodata._ZN7arduino5Print7printlnEv.str1.1
                0x0000000000000cf7        0x3 /home/arduino/ArduinoApps/aura/.cache/sketch/core/core.a(Print.cpp.o)
 *(.rodata._ZN7arduino7msgpack6object3extC2EaPKhj.str1.1)
 .rodata._ZN7arduino7msgpack6object3extC2EaPKhj.str1.1
                0x0000000000000cfa       0x28 /home/arduino/ArduinoApps/aura/.cache/sketch/sketch/sketch.ino.cpp.o
 *(.rodata._ZN8RpcErrorC2Ev.str1.1)
 .rodata._ZN8RpcErrorC2Ev.str1.1
                0x0000000000000d22        0x1 /home/arduino/ArduinoApps/aura/.cache/sketch/sketch/sketch.ino.cpp.o
 .rodata._ZN8RpcErrorC2Ev.str1.1
                0x0000000000000d23        0x1 /home/arduino/ArduinoApps/aura/.cache/sketch/libraries/Arduino_RouterBridge/singletons.cpp.o
 *(.rodata._ZNSt6vectorIjSaIjEE17_M_realloc_insertIJRjEEEvN9__gnu_cxx17__normal_iteratorIPjS1_EEDpOT_.str1.1)
 .rodata._ZNSt6vectorIjSaIjEE17_M_realloc_insertIJRjEEEvN9__gnu_cxx17__normal_iteratorIPjS1_EEDpOT_.str1.1
                0x0000000000000d24       0x1a /home/arduino/ArduinoApps/aura/.cache/sketch/sketch/sketch.ino.cpp.o
 .rodata._ZNSt6vectorIjSaIjEE17_M_realloc_insertIJRjEEEvN9__gnu_cxx17__normal_iteratorIPjS1_EEDpOT_.str1.1
                0x0000000000000d3e       0x1a /home/arduino/ArduinoApps/aura/.cache/sketch/libraries/Arduino_RouterBridge/singletons.cpp.o
 *(.rodata._ZZN10QwFont8x164dataEvE13font8x16_data)
 .rodata._ZZN10QwFont8x164dataEvE13font8x16_data
                0x0000000000000d58      0x600 /home/arduino/ArduinoApps/aura/.cache/sketch/sketch/sketch.ino.cpp.o
                0x0000000000000d58                QwFont8x16::data()::font8x16_data
 *(.rodata._ZZN9QwFont5x74dataEvE12font5x7_data)
 .rodata._ZZN9QwFont5x74dataEvE12font5x7_data
                0x0000000000001358      0x4fb /home/arduino/ArduinoApps/aura/.cache/sketch/sketch/sketch.ino.cpp.o
                0x0000000000001358                QwFont5x7::data()::font5x7_data
 *(.rodata.byte_bits)
 .rodata.byte_bits
                0x0000000000001853        0x8 /home/arduino/ArduinoApps/aura/.cache/sketch/libraries/SparkFun Qwiic OLED Arduino Library/qwiic_grbuffer.cpp.o
                0x0000000000001853                byte_bits
 *(.rodata.loop.str1.1)
 .rodata.loop.str1.1
                0x000000000000185b       0xb1 /home/arduino/ArduinoApps/aura/.cache/sketch/sketch/sketch.ino.cpp.o
 *(.rodata.setup.str1.1)
 .rodata.setup.str1.1
                0x000000000000190c      0x182 /home/arduino/ArduinoApps/aura/.cache/sketch/sketch/sketch.ino.cpp.o
 *(.rodata.str1.1)
 .rodata.str1.1
                0x0000000000001a8e       0x51 /home/arduino/ArduinoApps/aura/.cache/sketch/core/core.a(main.cpp.o)

.rel.rodata
 *(.rel.rodata)
 *(.rel.rodata.*)

.rela.rodata
 *(.rela.rodata)
 *(.rela.rodata.*)

/DISCARD/
 *(.ARM.attributes)
 *(.ARM.attributes.*)
 *(.ARM.exidx)
 *(.ARM.exidx.*)
 *(.ARM.extidx)
 *(.ARM.extidx.*)
 *(.ARM.extab)
 *(.ARM.extab.*)
 *(.comment)
 *(.comment.*)
 *(.llvmbc)
 *(.llvmcmd)
 *(.eh_frame)
 *stdexcept.o()
 *eh_*.o()
 *cow-stdexcept.o()
 *cow-string-inst.o()

.text           0x0000000000000000     0xa232
 *(.text)
 *(.stub)
 *(.text*)
 .text._ZN7arduino5Print17availableForWriteEv
                0x0000000000000000        0x4 /home/arduino/ArduinoApps/aura/.cache/sketch/sketch/sketch.ino.cpp.o
                0x0000000000000000                arduino::Print::availableForWrite()
 .text._ZN7arduino5Print5flushEv
                0x0000000000000004        0x2 /home/arduino/ArduinoApps/aura/.cache/sketch/sketch/sketch.ino.cpp.o
                0x0000000000000004                arduino::Print::flush()
 .text._ZN15SerialTransport9availableEv
                0x0000000000000006       0x12 /home/arduino/ArduinoApps/aura/.cache/sketch/sketch/sketch.ino.cpp.o
                0x0000000000000006                SerialTransport::available()
 .text._ZN15SerialTransport5writeEPKhj
                0x0000000000000018       0x10 /home/arduino/ArduinoApps/aura/.cache/sketch/sketch/sketch.ino.cpp.o
                0x0000000000000018                SerialTransport::write(unsigned char const*, unsigned int)
 .text._ZN9QwFont5x74dataEv
                0x0000000000000028        0x8 /home/arduino/ArduinoApps/aura/.cache/sketch/sketch/sketch.ino.cpp.o
                0x0000000000000028                QwFont5x7::data()
 .text._ZN10QwFont8x164dataEv
                0x0000000000000030        0x8 /home/arduino/ArduinoApps/aura/.cache/sketch/sketch/sketch.ino.cpp.o
                0x0000000000000030                QwFont8x16::data()
 .text._Z13setPowerStateiii
                0x0000000000000038       0x28 /home/arduino/ArduinoApps/aura/.cache/sketch/sketch/sketch.ino.cpp.o
                0x0000000000000038                setPowerState(int, int, int)
 .text._ZN15SerialTransportD2Ev
                0x0000000000000060        0x2 /home/arduino/ArduinoApps/aura/.cache/sketch/sketch/sketch.ino.cpp.o
                0x0000000000000060                SerialTransport::~SerialTransport()
                0x0000000000000060                SerialTransport::~SerialTransport()
 *fill*         0x0000000000000062        0x2 
 .text.k_yield  0x0000000000000064        0x8 /home/arduino/ArduinoApps/aura/.cache/sketch/sketch/sketch.ino.cpp.o
 .text.k_mutex_lock
                0x000000000000006c        0x8 /home/arduino/ArduinoApps/aura/.cache/sketch/sketch/sketch.ino.cpp.o
 .text.__tcf_0  0x0000000000000074       0x10 /home/arduino/ArduinoApps/aura/.cache/sketch/sketch/sketch.ino.cpp.o
 .text._ZN15SerialTransport4readEPhj
                0x0000000000000084       0x28 /home/arduino/ArduinoApps/aura/.cache/sketch/sketch/sketch.ino.cpp.o
                0x0000000000000084                SerialTransport::read(unsigned char*, unsigned int)
 .text._ZN15SerialTransport9read_byteERh
                0x00000000000000ac       0x20 /home/arduino/ArduinoApps/aura/.cache/sketch/sketch/sketch.ino.cpp.o
                0x00000000000000ac                SerialTransport::read_byte(unsigned char&)
 .text._ZN15SerialTransportD0Ev
                0x00000000000000cc       0x14 /home/arduino/ArduinoApps/aura/.cache/sketch/sketch/sketch.ino.cpp.o
                0x00000000000000cc                SerialTransport::~SerialTransport()
 .text._Z11setAdvisoryN7arduino6StringE
                0x00000000000000e0       0x20 /home/arduino/ArduinoApps/aura/.cache/sketch/sketch/sketch.ino.cpp.o
                0x00000000000000e0                setAdvisory(arduino::String)
 .text._Z14setHealthIndexiN7arduino6StringE
                0x0000000000000100       0x28 /home/arduino/ArduinoApps/aura/.cache/sketch/sketch/sketch.ino.cpp.o
                0x0000000000000100                setHealthIndex(int, arduino::String)
 .text._ZN10QwOLED1in34initEv
                0x0000000000000128       0x50 /home/arduino/ArduinoApps/aura/.cache/sketch/sketch/sketch.ino.cpp.o
                0x0000000000000128                QwOLED1in3::init()
 .text._ZN18QwiicOLEDBaseClassI10QwOLED1in3E5writeEh
                0x0000000000000178       0x9c /home/arduino/ArduinoApps/aura/.cache/sketch/sketch/sketch.ino.cpp.o
                0x0000000000000178                QwiicOLEDBaseClass<QwOLED1in3>::write(unsigned char)
 .text._ZL12drawCenteredhPKch
                0x0000000000000214       0x4c /home/arduino/ArduinoApps/aura/.cache/sketch/sketch/sketch.ino.cpp.o
 .text._ZL16formatOneDecimalPcjf.constprop.0
                0x0000000000000260       0x5c /home/arduino/ArduinoApps/aura/.cache/sketch/sketch/sketch.ino.cpp.o
 .text._ZNSt17_Function_handlerIFvvEPS0_E10_M_managerERSt9_Any_dataRKS3_St18_Manager_operation
                0x00000000000002bc       0x30 /home/arduino/ArduinoApps/aura/.cache/sketch/sketch/sketch.ino.cpp.o
                0x00000000000002bc                std::_Function_handler<void (), void (*)()>::_M_manager(std::_Any_data&, std::_Any_data const&, std::_Manager_operation)
 .text._ZNSt17_Function_handlerIFvvEPS0_E9_M_invokeERKSt9_Any_data
                0x00000000000002ec        0x4 /home/arduino/ArduinoApps/aura/.cache/sketch/sketch/sketch.ino.cpp.o
                0x00000000000002ec                std::_Function_handler<void (), void (*)()>::_M_invoke(std::_Any_data const&)
 .text._ZNSt17_Function_handlerIFviiiEPS0_E10_M_managerERSt9_Any_dataRKS3_St18_Manager_operation
                0x00000000000002f0       0x30 /home/arduino/ArduinoApps/aura/.cache/sketch/sketch/sketch.ino.cpp.o
                0x00000000000002f0                std::_Function_handler<void (int, int, int), void (*)(int, int, int)>::_M_manager(std::_Any_data&, std::_Any_data const&, std::_Manager_operation)
 .text._ZNSt17_Function_handlerIFviiiEPS0_E9_M_invokeERKSt9_Any_dataOiS6_S6_
                0x0000000000000320       0x14 /home/arduino/ArduinoApps/aura/.cache/sketch/sketch/sketch.ino.cpp.o
                0x0000000000000320                std::_Function_handler<void (int, int, int), void (*)(int, int, int)>::_M_invoke(std::_Any_data const&, int&&, int&&, int&&)
 .text._ZNSt17_Function_handlerIFviN7arduino6StringEEPS2_E10_M_managerERSt9_Any_dataRKS5_St18_Manager_operation
                0x0000000000000334       0x30 /home/arduino/ArduinoApps/aura/.cache/sketch/sketch/sketch.ino.cpp.o
                0x0000000000000334                std::_Function_handler<void (int, arduino::String), void (*)(int, arduino::String)>::_M_manager(std::_Any_data&, std::_Any_data const&, std::_Manager_operation)
 .text._ZNSt17_Function_handlerIFviN7arduino6StringEEPS2_E9_M_invokeERKSt9_Any_dataOiOS1_
                0x0000000000000364       0x28 /home/arduino/ArduinoApps/aura/.cache/sketch/sketch/sketch.ino.cpp.o
                0x0000000000000364                std::_Function_handler<void (int, arduino::String), void (*)(int, arduino::String)>::_M_invoke(std::_Any_data const&, int&&, arduino::String&&)
 .text._ZNSt17_Function_handlerIFvN7arduino6StringEEPS2_E10_M_managerERSt9_Any_dataRKS5_St18_Manager_operation
                0x000000000000038c       0x30 /home/arduino/ArduinoApps/aura/.cache/sketch/sketch/sketch.ino.cpp.o
                0x000000000000038c                std::_Function_handler<void (arduino::String), void (*)(arduino::String)>::_M_manager(std::_Any_data&, std::_Any_data const&, std::_Manager_operation)
 .text._ZNSt17_Function_handlerIFvN7arduino6StringEEPS2_E9_M_invokeERKSt9_Any_dataOS1_
                0x00000000000003bc       0x20 /home/arduino/ArduinoApps/aura/.cache/sketch/sketch/sketch.ino.cpp.o
                0x00000000000003bc                std::_Function_handler<void (arduino::String), void (*)(arduino::String)>::_M_invoke(std::_Any_data const&, arduino::String&&)
 .text._ZSt14__relocate_a_1IhhENSt9enable_ifIXsrSt24__is_bitwise_relocatableIT_vE5valueEPS2_E4typeES4_S4_S4_RSaIT0_E.isra.0
                0x00000000000003dc       0x20 /home/arduino/ArduinoApps/aura/.cache/sketch/sketch/sketch.ino.cpp.o
 .text._ZN13DispatchEntryaSEOS_.isra.0
                0x00000000000003fc       0x20 /home/arduino/ArduinoApps/aura/.cache/sketch/sketch/sketch.ino.cpp.o
 .text._ZNSt12_Vector_baseIhSaIhEE11_M_allocateEj.isra.0
                0x000000000000041c       0x20 /home/arduino/ArduinoApps/aura/.cache/sketch/sketch/sketch.ino.cpp.o
 .text.k_mutex_unlock.isra.0
                0x000000000000043c        0x8 /home/arduino/ArduinoApps/aura/.cache/sketch/sketch/sketch.ino.cpp.o
 .text.k_mutex_init.isra.0
                0x0000000000000444        0x8 /home/arduino/ArduinoApps/aura/.cache/sketch/sketch/sketch.ino.cpp.o
 .text.k_sleep.isra.0
                0x000000000000044c        0x8 /home/arduino/ArduinoApps/aura/.cache/sketch/sketch/sketch.ino.cpp.o
 .text.k_msleep.constprop.0.isra.0
                0x0000000000000454        0xc /home/arduino/ArduinoApps/aura/.cache/sketch/sketch/sketch.ino.cpp.o
 .text._ZNSt14_Function_baseD2Ev
                0x0000000000000460       0x12 /home/arduino/ArduinoApps/aura/.cache/sketch/sketch/sketch.ino.cpp.o
                0x0000000000000460                std::_Function_base::~_Function_base()
                0x0000000000000460                std::_Function_base::~_Function_base()
 *fill*         0x0000000000000472        0x2 
 .text._ZN18RpcFunctionWrapperISt8functionIFvN7arduino6StringEEEED2Ev
                0x0000000000000474       0x1c /home/arduino/ArduinoApps/aura/.cache/sketch/sketch/sketch.ino.cpp.o
                0x0000000000000474                RpcFunctionWrapper<std::function<void (arduino::String)> >::~RpcFunctionWrapper()
                0x0000000000000474                RpcFunctionWrapper<std::function<void (arduino::String)> >::~RpcFunctionWrapper()
 .text._ZN18RpcFunctionWrapperISt8functionIFvN7arduino6StringEEEED0Ev
                0x0000000000000490       0x1c /home/arduino/ArduinoApps/aura/.cache/sketch/sketch/sketch.ino.cpp.o
                0x0000000000000490                RpcFunctionWrapper<std::function<void (arduino::String)> >::~RpcFunctionWrapper()
 .text._ZN18RpcFunctionWrapperISt8functionIFviN7arduino6StringEEEED2Ev
                0x00000000000004ac       0x1c /home/arduino/ArduinoApps/aura/.cache/sketch/sketch/sketch.ino.cpp.o
                0x00000000000004ac                RpcFunctionWrapper<std::function<void (int, arduino::String)> >::~RpcFunctionWrapper()
                0x00000000000004ac                RpcFunctionWrapper<std::function<void (int, arduino::String)> >::~RpcFunctionWrapper()
 .text._ZN18RpcFunctionWrapperISt8functionIFviN7arduino6StringEEEED0Ev
                0x00000000000004c8       0x1c /home/arduino/ArduinoApps/aura/.cache/sketch/sketch/sketch.ino.cpp.o
                0x00000000000004c8                RpcFunctionWrapper<std::function<void (int, arduino::String)> >::~RpcFunctionWrapper()
 .text._ZN18RpcFunctionWrapperISt8functionIFviiiEEED2Ev
                0x00000000000004e4       0x1c /home/arduino/ArduinoApps/aura/.cache/sketch/sketch/sketch.ino.cpp.o
                0x00000000000004e4                RpcFunctionWrapper<std::function<void (int, int, int)> >::~RpcFunctionWrapper()
                0x00000000000004e4                RpcFunctionWrapper<std::function<void (int, int, int)> >::~RpcFunctionWrapper()
 .text._ZN18RpcFunctionWrapperISt8functionIFviiiEEED0Ev
                0x0000000000000500       0x1c /home/arduino/ArduinoApps/aura/.cache/sketch/sketch/sketch.ino.cpp.o
                0x0000000000000500                RpcFunctionWrapper<std::function<void (int, int, int)> >::~RpcFunctionWrapper()
 .text._ZN18RpcFunctionWrapperISt8functionIFvvEEED2Ev
                0x000000000000051c       0x1c /home/arduino/ArduinoApps/aura/.cache/sketch/sketch/sketch.ino.cpp.o
                0x000000000000051c                RpcFunctionWrapper<std::function<void ()> >::~RpcFunctionWrapper()
                0x000000000000051c                RpcFunctionWrapper<std::function<void ()> >::~RpcFunctionWrapper()
 .text._ZN18RpcFunctionWrapperISt8functionIFvvEEED0Ev
                0x0000000000000538       0x1c /home/arduino/ArduinoApps/aura/.cache/sketch/sketch/sketch.ino.cpp.o
                0x0000000000000538                RpcFunctionWrapper<std::function<void ()> >::~RpcFunctionWrapper()
 .text._ZN7arduino7msgpack8Unpacker11deserializeEv
                0x0000000000000554       0x16 /home/arduino/ArduinoApps/aura/.cache/sketch/sketch/sketch.ino.cpp.o
                0x0000000000000554                arduino::msgpack::Unpacker::deserialize()
 .text._ZN7arduino7msgpack8Unpacker5clearEv
                0x000000000000056a       0x14 /home/arduino/ArduinoApps/aura/.cache/sketch/sketch/sketch.ino.cpp.o
                0x000000000000056a                arduino::msgpack::Unpacker::clear()
 .text._ZNK7arduino7msgpack8Unpacker13getRawBytePtrEjj
                0x000000000000057e       0x1e /home/arduino/ArduinoApps/aura/.cache/sketch/sketch/sketch.ino.cpp.o
                0x000000000000057e                arduino::msgpack::Unpacker::getRawBytePtr(unsigned int, unsigned int) const
 .text._ZN8RpcErrorC2Ev
                0x000000000000059c       0x2c /home/arduino/ArduinoApps/aura/.cache/sketch/sketch/sketch.ino.cpp.o
                0x000000000000059c                RpcError::RpcError()
                0x000000000000059c                RpcError::RpcError()
 .text._ZN17RpcDecoderManager10getDecoderER10ITransport
                0x00000000000005c8       0x7c /home/arduino/ArduinoApps/aura/.cache/sketch/sketch/sketch.ino.cpp.o
                0x00000000000005c8                RpcDecoderManager::getDecoder(ITransport&)
 .text._ZN17RpcDecoderManager11getInstanceEv
                0x0000000000000644       0x30 /home/arduino/ArduinoApps/aura/.cache/sketch/sketch/sketch.ino.cpp.o
                0x0000000000000644                RpcDecoderManager::getInstance()
 .text._ZN13DispatchEntryD2Ev
                0x0000000000000674       0x18 /home/arduino/ArduinoApps/aura/.cache/sketch/sketch/sketch.ino.cpp.o
                0x0000000000000674                DispatchEntry::~DispatchEntry()
                0x0000000000000674                DispatchEntry::~DispatchEntry()
 .text._ZN7arduino7msgpack8UnpackerC2Ev
                0x000000000000068c       0x10 /home/arduino/ArduinoApps/aura/.cache/sketch/sketch/sketch.ino.cpp.o
                0x000000000000068c                arduino::msgpack::Unpacker::Unpacker()
                0x000000000000068c                arduino::msgpack::Unpacker::Unpacker()
 .text._ZN10RPCRequestILj256EEC2Ev
                0x000000000000069c       0x4c /home/arduino/ArduinoApps/aura/.cache/sketch/sketch/sketch.ino.cpp.o
                0x000000000000069c                RPCRequest<256u>::RPCRequest()
                0x000000000000069c                RPCRequest<256u>::RPCRequest()
 .text._ZN11BridgeClass10is_startedEv
                0x00000000000006e8       0x2c /home/arduino/ArduinoApps/aura/.cache/sketch/sketch/sketch.ino.cpp.o
                0x00000000000006e8                BridgeClass::is_started()
 .text.fputs    0x0000000000000714        0x4 /home/arduino/ArduinoApps/aura/.cache/sketch/sketch/sketch.ino.cpp.o
                0x0000000000000714                fputs
 .text._ZNSt12_Vector_baseIhSaIhEED2Ev
                0x0000000000000718       0x18 /home/arduino/ArduinoApps/aura/.cache/sketch/sketch/sketch.ino.cpp.o
                0x0000000000000718                std::_Vector_base<unsigned char, std::allocator<unsigned char> >::~_Vector_base()
                0x0000000000000718                std::_Vector_base<unsigned char, std::allocator<unsigned char> >::~_Vector_base()
 .text.__tcf_2  0x0000000000000730       0x14 /home/arduino/ArduinoApps/aura/.cache/sketch/sketch/sketch.ino.cpp.o
 .text.__tcf_1  0x0000000000000744       0x14 /home/arduino/ArduinoApps/aura/.cache/sketch/sketch/sketch.ino.cpp.o
 .text._ZNSt6vectorIhSaIhEE14_M_move_assignEOS1_St17integral_constantIbLb1EE.isra.0
                0x0000000000000758       0x34 /home/arduino/ArduinoApps/aura/.cache/sketch/sketch/sketch.ino.cpp.o
 .text._ZNK7arduino7msgpack8Unpacker11getRawBytesIhEET_jj
                0x000000000000078c       0x1e /home/arduino/ArduinoApps/aura/.cache/sketch/sketch/sketch.ino.cpp.o
                0x000000000000078c                unsigned char arduino::msgpack::Unpacker::getRawBytes<unsigned char>(unsigned int, unsigned int) const
 *fill*         0x00000000000007aa        0x2 
 .text._ZNK7arduino7msgpack8Unpacker7getTypeEj
                0x00000000000007ac       0x58 /home/arduino/ArduinoApps/aura/.cache/sketch/sketch/sketch.ino.cpp.o
                0x00000000000007ac                arduino::msgpack::Unpacker::getType(unsigned int) const
 .text._ZNK7arduino7msgpack8Unpacker7getTypeEv
                0x0000000000000804       0x10 /home/arduino/ArduinoApps/aura/.cache/sketch/sketch/sketch.ino.cpp.o
                0x0000000000000804                arduino::msgpack::Unpacker::getType() const
 .text._ZN7arduino7msgpack8Unpacker11unpackInt32Ev
                0x0000000000000814       0x58 /home/arduino/ArduinoApps/aura/.cache/sketch/sketch/sketch.ino.cpp.o
                0x0000000000000814                arduino::msgpack::Unpacker::unpackInt32()
 .text._ZN7arduino7msgpack8Unpacker11unpackInt64Ev
                0x000000000000086c       0x60 /home/arduino/ArduinoApps/aura/.cache/sketch/sketch/sketch.ino.cpp.o
                0x000000000000086c                arduino::msgpack::Unpacker::unpackInt64()
 .text._ZN7arduino7msgpack8Unpacker9unpackNilEv
                0x00000000000008cc       0x3c /home/arduino/ArduinoApps/aura/.cache/sketch/sketch/sketch.ino.cpp.o
                0x00000000000008cc                arduino::msgpack::Unpacker::unpackNil()
 .text._ZNK7arduino7msgpack8Unpacker7isArrayEv
                0x0000000000000908       0x20 /home/arduino/ArduinoApps/aura/.cache/sketch/sketch/sketch.ino.cpp.o
                0x0000000000000908                arduino::msgpack::Unpacker::isArray() const
 .text._ZNK7arduino7msgpack8Unpacker5isMapEv
                0x0000000000000928       0x20 /home/arduino/ArduinoApps/aura/.cache/sketch/sketch/sketch.ino.cpp.o
                0x0000000000000928                arduino::msgpack::Unpacker::isMap() const
 .text._ZN7arduino7msgpack8Unpacker11unpackInt16Ev
                0x0000000000000948       0x4c /home/arduino/ArduinoApps/aura/.cache/sketch/sketch/sketch.ino.cpp.o
                0x0000000000000948                arduino::msgpack::Unpacker::unpackInt16()
 .text._ZN7arduino7msgpack8Unpacker13unpackFloat32Ev
                0x0000000000000994       0x60 /home/arduino/ArduinoApps/aura/.cache/sketch/sketch/sketch.ino.cpp.o
                0x0000000000000994                arduino::msgpack::Unpacker::unpackFloat32()
 *fill*         0x00000000000009f4        0x4 
 .text._ZN7arduino7msgpack8Unpacker13unpackFloat64Ev
                0x00000000000009f8       0x6c /home/arduino/ArduinoApps/aura/.cache/sketch/sketch/sketch.ino.cpp.o
                0x00000000000009f8                arduino::msgpack::Unpacker::unpackFloat64()
 .text._ZN7arduino7msgpack8Unpacker10unpackInt5Ev
                0x0000000000000a64       0x4c /home/arduino/ArduinoApps/aura/.cache/sketch/sketch/sketch.ino.cpp.o
                0x0000000000000a64                arduino::msgpack::Unpacker::unpackInt5()
 .text._ZN7arduino7msgpack8Unpacker11unpackUInt7Ev
                0x0000000000000ab0       0x48 /home/arduino/ArduinoApps/aura/.cache/sketch/sketch/sketch.ino.cpp.o
                0x0000000000000ab0                arduino::msgpack::Unpacker::unpackUInt7()
 .text._ZN7arduino7msgpack8Unpacker11unpackUInt8Ev
                0x0000000000000af8       0x48 /home/arduino/ArduinoApps/aura/.cache/sketch/sketch/sketch.ino.cpp.o
                0x0000000000000af8                arduino::msgpack::Unpacker::unpackUInt8()
 .text._ZNK7arduino7msgpack8Unpacker11getRawBytesItEET_jj
                0x0000000000000b40       0x26 /home/arduino/ArduinoApps/aura/.cache/sketch/sketch/sketch.ino.cpp.o
                0x0000000000000b40                unsigned short arduino::msgpack::Unpacker::getRawBytes<unsigned short>(unsigned int, unsigned int) const
 *fill*         0x0000000000000b66        0x2 
 .text._ZN7arduino7msgpack8Unpacker12unpackUInt16Ev
                0x0000000000000b68       0x48 /home/arduino/ArduinoApps/aura/.cache/sketch/sketch/sketch.ino.cpp.o
                0x0000000000000b68                arduino::msgpack::Unpacker::unpackUInt16()
 .text._ZNK7arduino7msgpack8Unpacker11getRawBytesIjEET_jj
                0x0000000000000bb0       0x34 /home/arduino/ArduinoApps/aura/.cache/sketch/sketch/sketch.ino.cpp.o
                0x0000000000000bb0                unsigned int arduino::msgpack::Unpacker::getRawBytes<unsigned int>(unsigned int, unsigned int) const
 .text._ZNK7arduino7msgpack8Unpacker14getElementSizeEj
                0x0000000000000be4      0x11c /home/arduino/ArduinoApps/aura/.cache/sketch/sketch/sketch.ino.cpp.o
                0x0000000000000be4                arduino::msgpack::Unpacker::getElementSize(unsigned int) const
 .text._ZN7arduino7msgpack8Unpacker15unpackArraySizeEv
                0x0000000000000d00       0x78 /home/arduino/ArduinoApps/aura/.cache/sketch/sketch/sketch.ino.cpp.o
                0x0000000000000d00                arduino::msgpack::Unpacker::unpackArraySize()
 .text._ZN7arduino7msgpack8Unpacker12unpackUInt32Ev
                0x0000000000000d78       0x48 /home/arduino/ArduinoApps/aura/.cache/sketch/sketch/sketch.ino.cpp.o
                0x0000000000000d78                arduino::msgpack::Unpacker::unpackUInt32()
 .text._ZN7arduino7msgpack8Unpacker13unpackMapSizeEv
                0x0000000000000dc0       0x78 /home/arduino/ArduinoApps/aura/.cache/sketch/sketch/sketch.ino.cpp.o
                0x0000000000000dc0                arduino::msgpack::Unpacker::unpackMapSize()
 .text._ZNK7arduino7msgpack8Unpacker11getRawBytesIyEET_jj
                0x0000000000000e38       0x3a /home/arduino/ArduinoApps/aura/.cache/sketch/sketch/sketch.ino.cpp.o
                0x0000000000000e38                unsigned long long arduino::msgpack::Unpacker::getRawBytes<unsigned long long>(unsigned int, unsigned int) const
 *fill*         0x0000000000000e72        0x2 
 .text._ZN7arduino7msgpack8Unpacker12unpackUInt64Ev
                0x0000000000000e74       0x4c /home/arduino/ArduinoApps/aura/.cache/sketch/sketch/sketch.ino.cpp.o
                0x0000000000000e74                arduino::msgpack::Unpacker::unpackUInt64()
 .text._ZNK7arduino7msgpack8Unpacker11getRawBytesIaEET_jj
                0x0000000000000ec0       0x1e /home/arduino/ArduinoApps/aura/.cache/sketch/sketch/sketch.ino.cpp.o
                0x0000000000000ec0                signed char arduino::msgpack::Unpacker::getRawBytes<signed char>(unsigned int, unsigned int) const
 *fill*         0x0000000000000ede        0x2 
 .text._ZN7arduino7msgpack8Unpacker10unpackInt8Ev
                0x0000000000000ee0       0x48 /home/arduino/ArduinoApps/aura/.cache/sketch/sketch/sketch.ino.cpp.o
                0x0000000000000ee0                arduino::msgpack::Unpacker::unpackInt8()
 .text._ZNK7arduino7msgpack8Unpacker13isTimestamp32Ev
                0x0000000000000f28       0x2c /home/arduino/ArduinoApps/aura/.cache/sketch/sketch/sketch.ino.cpp.o
                0x0000000000000f28                arduino::msgpack::Unpacker::isTimestamp32() const
 .text._ZNK7arduino7msgpack8Unpacker13isTimestamp64Ev
                0x0000000000000f54       0x2c /home/arduino/ArduinoApps/aura/.cache/sketch/sketch/sketch.ino.cpp.o
                0x0000000000000f54                arduino::msgpack::Unpacker::isTimestamp64() const
 .text._ZNK7arduino7msgpack8Unpacker13isTimestamp96Ev
                0x0000000000000f80       0x40 /home/arduino/ArduinoApps/aura/.cache/sketch/sketch/sketch.ino.cpp.o
                0x0000000000000f80                arduino::msgpack::Unpacker::isTimestamp96() const
 .text._ZNK7arduino7msgpack8Unpacker11getRawBytesIcEET_jj
                0x0000000000000fc0       0x1e /home/arduino/ArduinoApps/aura/.cache/sketch/sketch/sketch.ino.cpp.o
                0x0000000000000fc0                char arduino::msgpack::Unpacker::getRawBytes<char>(unsigned int, unsigned int) const
 *fill*         0x0000000000000fde        0x2 
 .text._ZN7arduino7msgpack8Unpacker11deserializeINS0_4type9ArraySizeEJEEEbRT_DpOT0_
                0x0000000000000fe0       0x40 /home/arduino/ArduinoApps/aura/.cache/sketch/sketch/sketch.ino.cpp.o
                0x0000000000000fe0                bool arduino::msgpack::Unpacker::deserialize<arduino::msgpack::type::ArraySize>(arduino::msgpack::type::ArraySize&)
 .text._ZN7arduino7msgpack8Unpacker11deserializeINS0_6object5nil_tEJEEEbRT_DpOT0_
                0x0000000000001020       0x40 /home/arduino/ArduinoApps/aura/.cache/sketch/sketch/sketch.ino.cpp.o
                0x0000000000001020                bool arduino::msgpack::Unpacker::deserialize<arduino::msgpack::object::nil_t>(arduino::msgpack::object::nil_t&)
 .text._ZN7arduino7msgpack8Unpacker11deserializeIbJEEEbRT_DpOT0_
                0x0000000000001060       0x68 /home/arduino/ArduinoApps/aura/.cache/sketch/sketch/sketch.ino.cpp.o
                0x0000000000001060                bool arduino::msgpack::Unpacker::deserialize<bool>(bool&)
 .text._ZN7arduino7msgpack8Unpacker11deserializeINS_6StringEJEEEbRT_DpOT0_
                0x00000000000010c8      0x174 /home/arduino/ArduinoApps/aura/.cache/sketch/sketch/sketch.ino.cpp.o
                0x00000000000010c8                bool arduino::msgpack::Unpacker::deserialize<arduino::String>(arduino::String&)
 .text._ZN7arduino7msgpack8Unpacker11deserializeINS0_6object8timespecEJEEEbRT_DpOT0_
                0x000000000000123c       0xc4 /home/arduino/ArduinoApps/aura/.cache/sketch/sketch/sketch.ino.cpp.o
                0x000000000000123c                bool arduino::msgpack::Unpacker::deserialize<arduino::msgpack::object::timespec>(arduino::msgpack::object::timespec&)
 .text._ZNSt12_Vector_baseIjSaIjEED2Ev
                0x0000000000001300       0x18 /home/arduino/ArduinoApps/aura/.cache/sketch/sketch/sketch.ino.cpp.o
                0x0000000000001300                std::_Vector_base<unsigned int, std::allocator<unsigned int> >::~_Vector_base()
                0x0000000000001300                std::_Vector_base<unsigned int, std::allocator<unsigned int> >::~_Vector_base()
 .text._ZN10RPCRequestILj256EED2Ev
                0x0000000000001318       0x2c /home/arduino/ArduinoApps/aura/.cache/sketch/sketch/sketch.ino.cpp.o
                0x0000000000001318                RPCRequest<256u>::~RPCRequest()
                0x0000000000001318                RPCRequest<256u>::~RPCRequest()
 .text._ZN13fontSingletonI9QwFont5x7E8instanceEv
                0x0000000000001344       0x38 /home/arduino/ArduinoApps/aura/.cache/sketch/sketch/sketch.ino.cpp.o
                0x0000000000001344                fontSingleton<QwFont5x7>::instance()
 .text._ZN13fontSingletonI10QwFont8x16E8instanceEv
                0x000000000000137c       0x38 /home/arduino/ArduinoApps/aura/.cache/sketch/sketch/sketch.ino.cpp.o
                0x000000000000137c                fontSingleton<QwFont8x16>::instance()
 .text._ZL12drawBootStepPKch
                0x00000000000013b4       0xac /home/arduino/ArduinoApps/aura/.cache/sketch/sketch/sketch.ino.cpp.o
 .text._ZN18QwiicOLEDBaseClassI10QwOLED1in3E5beginERN7arduino9ZephyrI2CEh
                0x0000000000001460       0x64 /home/arduino/ArduinoApps/aura/.cache/sketch/sketch/sketch.ino.cpp.o
                0x0000000000001460                QwiicOLEDBaseClass<QwOLED1in3>::begin(arduino::ZephyrI2C&, unsigned char)
 .text._ZNSt6vectorIjSaIjEE17_M_realloc_insertIJRjEEEvN9__gnu_cxx17__normal_iteratorIPjS1_EEDpOT_
                0x00000000000014c4       0xdc /home/arduino/ArduinoApps/aura/.cache/sketch/sketch/sketch.ino.cpp.o
                0x00000000000014c4                void std::vector<unsigned int, std::allocator<unsigned int> >::_M_realloc_insert<unsigned int&>(__gnu_cxx::__normal_iterator<unsigned int*, std::vector<unsigned int, std::allocator<unsigned int> > >, unsigned int&)
 .text._ZN7arduino7msgpack8Unpacker4feedEPKhj
                0x00000000000015a0       0x78 /home/arduino/ArduinoApps/aura/.cache/sketch/sketch/sketch.ino.cpp.o
                0x00000000000015a0                arduino::msgpack::Unpacker::feed(unsigned char const*, unsigned int)
 .text._ZN7RpcCallIJEE8setErrorEiN7arduino6StringE
                0x0000000000001618       0x40 /home/arduino/ArduinoApps/aura/.cache/sketch/sketch/sketch.ino.cpp.o
                0x0000000000001618                RpcCall<>::setError(int, arduino::String)
 .text._ZN7RpcCallIJEEC2ERKN7arduino6StringEP9RPCClientP7k_mutexS8_
                0x0000000000001658       0x7c /home/arduino/ArduinoApps/aura/.cache/sketch/sketch/sketch.ino.cpp.o
                0x0000000000001658                RpcCall<>::RpcCall(arduino::String const&, RPCClient*, k_mutex*, k_mutex*)
                0x0000000000001658                RpcCall<>::RpcCall(arduino::String const&, RPCClient*, k_mutex*, k_mutex*)
 .text._ZN7RpcCallIJEE6resultIbEEbRT_.part.0
                0x00000000000016d4       0x34 /home/arduino/ArduinoApps/aura/.cache/sketch/sketch/sketch.ino.cpp.o
 .text._ZN7RpcCallIJEE7isErrorEv
                0x0000000000001708       0x34 /home/arduino/ArduinoApps/aura/.cache/sketch/sketch/sketch.ino.cpp.o
                0x0000000000001708                RpcCall<>::isError()
 .text._ZNKSt6vectorIhSaIhEE12_M_check_lenEjPKc
                0x000000000000173c       0x38 /home/arduino/ArduinoApps/aura/.cache/sketch/sketch/sketch.ino.cpp.o
                0x000000000000173c                std::vector<unsigned char, std::allocator<unsigned char> >::_M_check_len(unsigned int, char const*) const
 .text._ZNSt6vectorIhSaIhEE12emplace_backIJhEEERhDpOT_.isra.0
                0x0000000000001774       0x90 /home/arduino/ArduinoApps/aura/.cache/sketch/sketch/sketch.ino.cpp.o
 .text._ZN7arduino7msgpack6Packer11packRawByteERKNS0_4TypeE.isra.0
                0x0000000000001804       0x18 /home/arduino/ArduinoApps/aura/.cache/sketch/sketch/sketch.ino.cpp.o
 .text._ZN7arduino7msgpack6Packer7packNilEv
                0x000000000000181c       0x18 /home/arduino/ArduinoApps/aura/.cache/sketch/sketch/sketch.ino.cpp.o
                0x000000000000181c                arduino::msgpack::Packer::packNil()
 .text._ZNSt6vectorIhSaIhEE12emplace_backIJRKhEEERhDpOT_.isra.0
                0x0000000000001834       0x90 /home/arduino/ArduinoApps/aura/.cache/sketch/sketch/sketch.ino.cpp.o
 .text._ZN7arduino7msgpack6Packer9packUInt8Eh
                0x00000000000018c4       0x2c /home/arduino/ArduinoApps/aura/.cache/sketch/sketch/sketch.ino.cpp.o
                0x00000000000018c4                arduino::msgpack::Packer::packUInt8(unsigned char)
 .text._ZNSt6vectorIhSaIhEE12emplace_backIJRhEEES3_DpOT_.isra.0
                0x00000000000018f0       0x90 /home/arduino/ArduinoApps/aura/.cache/sketch/sketch/sketch.ino.cpp.o
 .text._ZN7arduino7msgpack6Packer9packFloatIfEENSt9enable_ifIXaasrSt13is_arithmeticIT_E5valuesrSt17is_floating_pointIS5_E5valueEvE4typeERKS5_.isra.0
                0x0000000000001980       0x30 /home/arduino/ArduinoApps/aura/.cache/sketch/sketch/sketch.ino.cpp.o
 .text._ZN7arduino7msgpack6Packer15packRawReversedIjEEvRKT_
                0x00000000000019b0       0x1c /home/arduino/ArduinoApps/aura/.cache/sketch/sketch/sketch.ino.cpp.o
                0x00000000000019b0                void arduino::msgpack::Packer::packRawReversed<unsigned int>(unsigned int const&)
 .text._ZN7arduino7msgpack6Packer10packUInt32Ej
                0x00000000000019cc       0x28 /home/arduino/ArduinoApps/aura/.cache/sketch/sketch/sketch.ino.cpp.o
                0x00000000000019cc                arduino::msgpack::Packer::packUInt32(unsigned int)
 .text._ZN7arduino7msgpack6Packer15packRawReversedItEEvRKT_
                0x00000000000019f4       0x1c /home/arduino/ArduinoApps/aura/.cache/sketch/sketch/sketch.ino.cpp.o
                0x00000000000019f4                void arduino::msgpack::Packer::packRawReversed<unsigned short>(unsigned short const&)
 .text._ZN7arduino7msgpack6Packer13packArraySizeEj
                0x0000000000001a10       0x58 /home/arduino/ArduinoApps/aura/.cache/sketch/sketch/sketch.ino.cpp.o
                0x0000000000001a10                arduino::msgpack::Packer::packArraySize(unsigned int)
 .text._ZN7arduino7msgpack6Packer10packUInt16Et
                0x0000000000001a68       0x2c /home/arduino/ArduinoApps/aura/.cache/sketch/sketch/sketch.ino.cpp.o
                0x0000000000001a68                arduino::msgpack::Packer::packUInt16(unsigned short)
 .text._ZN7arduino7msgpack6Packer11packIntegerIjEENSt9enable_ifIXaaaaaasrSt13is_arithmeticIT_E5valuesrSt11is_integralIS5_E5valuentsrSt7is_sameIS5_bE5valuentsrS9_INSt9remove_cvIS5_E4typeEPcE5valueEvE4typeERKS5_.isra.0
                0x0000000000001a94       0x50 /home/arduino/ArduinoApps/aura/.cache/sketch/sketch/sketch.ino.cpp.o
 .text._ZN7arduino7msgpack6Packer11packIntegerIiEENSt9enable_ifIXaaaaaasrSt13is_arithmeticIT_E5valuesrSt11is_integralIS5_E5valuentsrSt7is_sameIS5_bE5valuentsrS9_INSt9remove_cvIS5_E4typeEPcE5valueEvE4typeERKS5_.isra.0
                0x0000000000001ae4       0xb8 /home/arduino/ArduinoApps/aura/.cache/sketch/sketch/sketch.ino.cpp.o
 .text._ZN7arduino7msgpack6Packer12packRawBytesEPKcj
                0x0000000000001b9c       0x9c /home/arduino/ArduinoApps/aura/.cache/sketch/sketch/sketch.ino.cpp.o
                0x0000000000001b9c                arduino::msgpack::Packer::packRawBytes(char const*, unsigned int)
 .text._ZN7arduino7msgpack6Packer4packERKNS_6StringE
                0x0000000000001c38       0x7c /home/arduino/ArduinoApps/aura/.cache/sketch/sketch/sketch.ino.cpp.o
                0x0000000000001c38                arduino::msgpack::Packer::pack(arduino::String const&)
 .text._ZN7arduino7msgpack6Packer9serializeIJRKiRKNS_6StringEEEEvRKNS0_4type9ArraySizeEDpOT_.isra.0
                0x0000000000001cb4       0x2c /home/arduino/ArduinoApps/aura/.cache/sketch/sketch/sketch.ino.cpp.o
 .text._ZN7arduino7msgpack6Packer9serializeI8RpcErrorJRNS0_6object5nil_tEEEENSt9enable_ifIXoooontsrSt10is_pointerIT_E5valuesrSt7is_sameIS9_PKcE5valuesrSB_IS9_PKNS_19__FlashStringHelperEE5valueEvE4typeERKS9_DpOT0_.constprop.0
                0x0000000000001ce0       0x20 /home/arduino/ArduinoApps/aura/.cache/sketch/sketch/sketch.ino.cpp.o
 .text._ZN18RpcFunctionWrapperISt8functionIFvN7arduino6StringEEEEclERNS1_7msgpack8UnpackerERNS6_6PackerE
                0x0000000000001d00      0x130 /home/arduino/ArduinoApps/aura/.cache/sketch/sketch/sketch.ino.cpp.o
                0x0000000000001d00                RpcFunctionWrapper<std::function<void (arduino::String)> >::operator()(arduino::msgpack::Unpacker&, arduino::msgpack::Packer&)
 .text._ZN18RpcFunctionWrapperISt8functionIFvvEEEclERN7arduino7msgpack8UnpackerERNS5_6PackerE
                0x0000000000001e30       0x98 /home/arduino/ArduinoApps/aura/.cache/sketch/sketch/sketch.ino.cpp.o
                0x0000000000001e30                RpcFunctionWrapper<std::function<void ()> >::operator()(arduino::msgpack::Unpacker&, arduino::msgpack::Packer&)
 .text._ZN7arduino7msgpack8Unpacker9unpackIntIiEENSt9enable_ifIXaaaaaaaasrSt13is_arithmeticIT_E5valuesrSt11is_integralIS5_E5valuentsrSt7is_sameIS5_bE5valuentsrS9_INSt9remove_cvIS5_E4typeEPcE5valuesrSt9is_signedIS5_E5valueES5_E4typeEv
                0x0000000000001ec8       0xd0 /home/arduino/ArduinoApps/aura/.cache/sketch/sketch/sketch.ino.cpp.o
                0x0000000000001ec8                std::enable_if<(((std::is_arithmetic<int>::value&&std::is_integral<int>::value)&&(!std::is_same<int, bool>::value))&&(!std::is_same<std::remove_cv<int>::type, char*>::value))&&std::is_signed<int>::value, int>::type arduino::msgpack::Unpacker::unpackInt<int>()
 .text._ZN7arduino7msgpack8Unpacker11deserializeIiJEEEbRT_DpOT0_
                0x0000000000001f98       0x40 /home/arduino/ArduinoApps/aura/.cache/sketch/sketch/sketch.ino.cpp.o
                0x0000000000001f98                bool arduino::msgpack::Unpacker::deserialize<int>(int&)
 .text._ZN7arduino7msgpack8Unpacker11unpackFloatIfEENSt9enable_ifIXaasrSt13is_arithmeticIT_E5valuesrSt17is_floating_pointIS5_E5valueES5_E4typeEv
                0x0000000000001fd8      0x118 /home/arduino/ArduinoApps/aura/.cache/sketch/sketch/sketch.ino.cpp.o
                0x0000000000001fd8                std::enable_if<std::is_arithmetic<float>::value&&std::is_floating_point<float>::value, float>::type arduino::msgpack::Unpacker::unpackFloat<float>()
 .text._ZN7arduino7msgpack8Unpacker11unpackFloatIdEENSt9enable_ifIXaasrSt13is_arithmeticIT_E5valuesrSt17is_floating_pointIS5_E5valueES5_E4typeEv
                0x00000000000020f0      0x118 /home/arduino/ArduinoApps/aura/.cache/sketch/sketch/sketch.ino.cpp.o
                0x00000000000020f0                std::enable_if<std::is_arithmetic<double>::value&&std::is_floating_point<double>::value, double>::type arduino::msgpack::Unpacker::unpackFloat<double>()
 .text._ZN7arduino7msgpack8Unpacker12unpackBinaryIhEENSt9enable_ifIXoosrSt7is_sameIT_cE5valuesrS4_IS5_hE5valueESt6vectorINS3_IXoosrS7_5valuesrS6_5valueES5_E4typeESaIS5_EEE4typeEv
                0x0000000000002208      0x114 /home/arduino/ArduinoApps/aura/.cache/sketch/sketch/sketch.ino.cpp.o
                0x0000000000002208                std::enable_if<std::is_same<unsigned char, char>::value||std::is_same<unsigned char, unsigned char>::value, std::vector<std::enable_if<std::is_same<unsigned char, unsigned char>::value||std::is_same<unsigned char, char>::value, unsigned char>::type, std::allocator<unsigned char> > >::type arduino::msgpack::Unpacker::unpackBinary<unsigned char>()
 .text._ZN7arduino7msgpack8Unpacker11deserializeINS0_4type9ArraySizeEJRiEEEbRT_DpOT0_
                0x000000000000231c       0x44 /home/arduino/ArduinoApps/aura/.cache/sketch/sketch/sketch.ino.cpp.o
                0x000000000000231c                bool arduino::msgpack::Unpacker::deserialize<arduino::msgpack::type::ArraySize, int&>(arduino::msgpack::type::ArraySize&, int&)
 .text._ZNK10RpcDecoderILj1024EE4sendEPKhj
                0x0000000000002360       0x22 /home/arduino/ArduinoApps/aura/.cache/sketch/sketch/sketch.ino.cpp.o
                0x0000000000002360                RpcDecoder<1024u>::send(unsigned char const*, unsigned int) const
 *fill*         0x0000000000002382        0x2 
 .text._ZN9RPCClient8send_rpcIJEEEbRKN7arduino6StringERjDpOT_.isra.0
                0x0000000000002384       0x8c /home/arduino/ArduinoApps/aura/.cache/sketch/sketch/sketch.ino.cpp.o
 .text._ZN11BridgeClass6notifyIJiRfS1_EEEvN7arduino6StringEDpOT_
                0x0000000000002410       0xc4 /home/arduino/ArduinoApps/aura/.cache/sketch/sketch/sketch.ino.cpp.o
                0x0000000000002410                void BridgeClass::notify<int, float&, float&>(arduino::String, int&&, float&, float&)
 .text._ZN11BridgeClass6notifyIJiEEEvN7arduino6StringEDpOT_
                0x00000000000024d4       0xa8 /home/arduino/ArduinoApps/aura/.cache/sketch/sketch/sketch.ino.cpp.o
                0x00000000000024d4                void BridgeClass::notify<int>(arduino::String, int&&)
 .text._ZNK9RPCServer13send_responseILj256EEEbRK10RPCRequestIXT_EE.isra.0
                0x000000000000257c       0x24 /home/arduino/ArduinoApps/aura/.cache/sketch/sketch/sketch.ino.cpp.o
 .text._ZN10RpcDecoderILj1024EE9send_callIJRKN7arduino6StringEEEEbiS5_RjDpOT_
                0x00000000000025a0       0xbc /home/arduino/ArduinoApps/aura/.cache/sketch/sketch/sketch.ino.cpp.o
                0x00000000000025a0                bool RpcDecoder<1024u>::send_call<arduino::String const&>(int, arduino::String const&, unsigned int&, arduino::String const&)
 .text._ZL7logLineRKN7arduino6StringE
                0x000000000000265c       0x74 /home/arduino/ArduinoApps/aura/.cache/sketch/sketch/sketch.ino.cpp.o
 .text._ZL8logErrorRKN7arduino6StringEt
                0x00000000000026d0       0x4c /home/arduino/ArduinoApps/aura/.cache/sketch/sketch/sketch.ino.cpp.o
 .text._Z16startFanCleaningv
                0x000000000000271c       0x68 /home/arduino/ArduinoApps/aura/.cache/sketch/sketch/sketch.ino.cpp.o
                0x000000000000271c                startFanCleaning()
 .text._ZL11initSen55OnRN7arduino9ZephyrI2CEPKc
                0x0000000000002784      0x118 /home/arduino/ArduinoApps/aura/.cache/sketch/sketch/sketch.ino.cpp.o
 .text._ZL9initSen55v
                0x000000000000289c       0x48 /home/arduino/ArduinoApps/aura/.cache/sketch/sketch/sketch.ino.cpp.o
 .text._ZL11initScd41OnRN7arduino9ZephyrI2CEPKc
                0x00000000000028e4      0x12c /home/arduino/ArduinoApps/aura/.cache/sketch/sketch/sketch.ino.cpp.o
 .text._ZL9initScd41v
                0x0000000000002a10       0x30 /home/arduino/ArduinoApps/aura/.cache/sketch/sketch/sketch.ino.cpp.o
 .text._ZL18reportSensorStatusb
                0x0000000000002a40      0x15c /home/arduino/ArduinoApps/aura/.cache/sketch/sketch/sketch.ino.cpp.o
 .text.loop     0x0000000000002b9c      0x638 /home/arduino/ArduinoApps/aura/.cache/sketch/sketch/sketch.ino.cpp.o
                0x0000000000002b9c                loop
 .text._Z11reportStatev
                0x00000000000031d4       0xa8 /home/arduino/ArduinoApps/aura/.cache/sketch/sketch/sketch.ino.cpp.o
                0x00000000000031d4                reportState()
 .text._ZN7RpcCallIJRKN7arduino6StringEEE8setErrorEiS1_
                0x000000000000327c       0x40 /home/arduino/ArduinoApps/aura/.cache/sketch/sketch/sketch.ino.cpp.o
                0x000000000000327c                RpcCall<arduino::String const&>::setError(int, arduino::String)
 .text._ZN7RpcCallIJRKN7arduino6StringEEEC2ES3_P9RPCClientP7k_mutexS8_S3_
                0x00000000000032bc       0x80 /home/arduino/ArduinoApps/aura/.cache/sketch/sketch/sketch.ino.cpp.o
                0x00000000000032bc                RpcCall<arduino::String const&>::RpcCall(arduino::String const&, RPCClient*, k_mutex*, k_mutex*, arduino::String const&)
                0x00000000000032bc                RpcCall<arduino::String const&>::RpcCall(arduino::String const&, RPCClient*, k_mutex*, k_mutex*, arduino::String const&)
 .text._ZN7RpcCallIJRKN7arduino6StringEEE7isErrorEv
                0x000000000000333c       0x34 /home/arduino/ArduinoApps/aura/.cache/sketch/sketch/sketch.ino.cpp.o
                0x000000000000333c                RpcCall<arduino::String const&>::isError()
 .text._ZN10RpcDecoderILj1024EE7consumeEjj
                0x0000000000003370       0x50 /home/arduino/ArduinoApps/aura/.cache/sketch/sketch/sketch.ino.cpp.o
                0x0000000000003370                RpcDecoder<1024u>::consume(unsigned int, unsigned int)
 .text._ZN10RpcDecoderILj1024EE7discardEv
                0x00000000000033c0       0x2c /home/arduino/ArduinoApps/aura/.cache/sketch/sketch/sketch.ino.cpp.o
                0x00000000000033c0                RpcDecoder<1024u>::discard()
 .text._ZN7arduino7msgpack8Unpacker11deserializeI8RpcErrorJRNS0_6object5nil_tEEEEbRT_DpOT0_
                0x00000000000033ec       0x90 /home/arduino/ArduinoApps/aura/.cache/sketch/sketch/sketch.ino.cpp.o
                0x00000000000033ec                bool arduino::msgpack::Unpacker::deserialize<RpcError, arduino::msgpack::object::nil_t&>(RpcError&, arduino::msgpack::object::nil_t&)
 .text._ZNK21RpcFunctionDispatcherILj100EE7isBoundERKN7arduino6StringE
                0x000000000000347c       0x34 /home/arduino/ArduinoApps/aura/.cache/sketch/sketch/sketch.ino.cpp.o
                0x000000000000347c                RpcFunctionDispatcher<100u>::isBound(arduino::String const&) const
 .text._ZN7arduino7msgpack8Unpacker10unpackUIntIjEENSt9enable_ifIXaaaaaaaasrSt13is_arithmeticIT_E5valuesrSt11is_integralIS5_E5valuentsrSt7is_sameIS5_bE5valuentsrS9_INSt9remove_cvIS5_E4typeEPcE5valuentsrSt9is_signedIS5_E5valueES5_E4typeEv
                0x00000000000034b0       0x80 /home/arduino/ArduinoApps/aura/.cache/sketch/sketch/sketch.ino.cpp.o
                0x00000000000034b0                std::enable_if<(((std::is_arithmetic<unsigned int>::value&&std::is_integral<unsigned int>::value)&&(!std::is_same<unsigned int, bool>::value))&&(!std::is_same<std::remove_cv<unsigned int>::type, char*>::value))&&(!std::is_signed<unsigned int>::value), unsigned int>::type arduino::msgpack::Unpacker::unpackUInt<unsigned int>()
 .text._ZN7arduino7msgpack8Unpacker11deserializeIjJRNS_6StringEEEEbRT_DpOT0_
                0x0000000000003530       0x44 /home/arduino/ArduinoApps/aura/.cache/sketch/sketch/sketch.ino.cpp.o
                0x0000000000003530                bool arduino::msgpack::Unpacker::deserialize<unsigned int, arduino::String&>(unsigned int&, arduino::String&)
 .text._ZN10RpcDecoderILj1024EE16fetch_rpc_methodEv
                0x0000000000003574       0xe8 /home/arduino/ArduinoApps/aura/.cache/sketch/sketch/sketch.ino.cpp.o
                0x0000000000003574                RpcDecoder<1024u>::fetch_rpc_method()
 .text._ZN10RPCRequestILj256EE22unpack_request_headersEv
                0x000000000000365c       0xb8 /home/arduino/ArduinoApps/aura/.cache/sketch/sketch/sketch.ino.cpp.o
                0x000000000000365c                RPCRequest<256u>::unpack_request_headers()
 .text._ZN9RPCServer15process_requestILj256EEEvR10RPCRequestIXT_EE
                0x0000000000003714      0x114 /home/arduino/ArduinoApps/aura/.cache/sketch/sketch/sketch.ino.cpp.o
                0x0000000000003714                void RPCServer::process_request<256u>(RPCRequest<256u>&)
 .text._ZN7arduino7msgpack8Unpacker11deserializeINS0_4type9ArraySizeEJRiRjEEEbRT_DpOT0_
                0x0000000000003828       0xa0 /home/arduino/ArduinoApps/aura/.cache/sketch/sketch/sketch.ino.cpp.o
                0x0000000000003828                bool arduino::msgpack::Unpacker::deserialize<arduino::msgpack::type::ArraySize, int&, unsigned int&>(arduino::msgpack::type::ArraySize&, int&, unsigned int&)
 .text._ZN10RpcDecoderILj1024EE12get_responseIbEEbjRT_R8RpcError
                0x00000000000038c8      0x17c /home/arduino/ArduinoApps/aura/.cache/sketch/sketch/sketch.ino.cpp.o
                0x00000000000038c8                bool RpcDecoder<1024u>::get_response<bool>(unsigned int, bool&, RpcError&)
 .text._ZN10RpcDecoderILj1024EE12get_responseIN7arduino6StringEEEbjRT_R8RpcError
                0x0000000000003a44      0x17c /home/arduino/ArduinoApps/aura/.cache/sketch/sketch/sketch.ino.cpp.o
                0x0000000000003a44                bool RpcDecoder<1024u>::get_response<arduino::String>(unsigned int, arduino::String&, RpcError&)
 .text._ZN10RpcDecoderILj1024EE12get_responseIN7arduino7msgpack6object5nil_tEEEbjRT_R8RpcError
                0x0000000000003bc0      0x17c /home/arduino/ArduinoApps/aura/.cache/sketch/sketch/sketch.ino.cpp.o
                0x0000000000003bc0                bool RpcDecoder<1024u>::get_response<arduino::msgpack::object::nil_t>(unsigned int, arduino::msgpack::object::nil_t&, RpcError&)
 .text._ZNSt14_Function_baseC2Ev
                0x0000000000003d3c        0xa /home/arduino/ArduinoApps/aura/.cache/sketch/sketch/sketch.ino.cpp.o
                0x0000000000003d3c                std::_Function_base::_Function_base()
                0x0000000000003d3c                std::_Function_base::_Function_base()
 *fill*         0x0000000000003d46        0x2 
 .text._Z4wrapIRFvN7arduino6StringEESt8functionIS2_EEP18RpcFunctionWrapperIT0_EOT_
                0x0000000000003d48       0x80 /home/arduino/ArduinoApps/aura/.cache/sketch/sketch/sketch.ino.cpp.o
                0x0000000000003d48                RpcFunctionWrapper<std::function<void (arduino::String)> >* wrap<void (&)(arduino::String), std::function<void (arduino::String)> >(void (&)(arduino::String))
 .text._Z4wrapIRFviN7arduino6StringEESt8functionIS2_EEP18RpcFunctionWrapperIT0_EOT_
                0x0000000000003dc8       0x80 /home/arduino/ArduinoApps/aura/.cache/sketch/sketch/sketch.ino.cpp.o
                0x0000000000003dc8                RpcFunctionWrapper<std::function<void (int, arduino::String)> >* wrap<void (&)(int, arduino::String), std::function<void (int, arduino::String)> >(void (&)(int, arduino::String))
 .text._Z4wrapIRFviiiESt8functionIS0_EEP18RpcFunctionWrapperIT0_EOT_
                0x0000000000003e48       0x80 /home/arduino/ArduinoApps/aura/.cache/sketch/sketch/sketch.ino.cpp.o
                0x0000000000003e48                RpcFunctionWrapper<std::function<void (int, int, int)> >* wrap<void (&)(int, int, int), std::function<void (int, int, int)> >(void (&)(int, int, int))
 .text._Z4wrapIRFvvESt8functionIS0_EEP18RpcFunctionWrapperIT0_EOT_
                0x0000000000003ec8       0x80 /home/arduino/ArduinoApps/aura/.cache/sketch/sketch/sketch.ino.cpp.o
                0x0000000000003ec8                RpcFunctionWrapper<std::function<void ()> >* wrap<void (&)(), std::function<void ()> >(void (&)())
 .text._ZNSt11__copy_moveILb0ELb1ESt26random_access_iterator_tagE8__copy_mIhEEPT_PKS3_S6_S4_
                0x0000000000003f48       0x1c /home/arduino/ArduinoApps/aura/.cache/sketch/sketch/sketch.ino.cpp.o
                0x0000000000003f48                unsigned char* std::__copy_move<false, true, std::random_access_iterator_tag>::__copy_m<unsigned char>(unsigned char const*, unsigned char const*, unsigned char*)
 .text._ZNSt11__copy_moveILb1ELb1ESt26random_access_iterator_tagE8__copy_mIhEEPT_PKS3_S6_S4_
                0x0000000000003f64       0x1c /home/arduino/ArduinoApps/aura/.cache/sketch/sketch/sketch.ino.cpp.o
                0x0000000000003f64                unsigned char* std::__copy_move<true, true, std::random_access_iterator_tag>::__copy_m<unsigned char>(unsigned char const*, unsigned char const*, unsigned char*)
 .text._ZN7arduino7msgpack6object3extC2EaPKhj
                0x0000000000003f80      0x104 /home/arduino/ArduinoApps/aura/.cache/sketch/sketch/sketch.ino.cpp.o
                0x0000000000003f80                arduino::msgpack::object::ext::ext(signed char, unsigned char const*, unsigned int)
                0x0000000000003f80                arduino::msgpack::object::ext::ext(signed char, unsigned char const*, unsigned int)
 .text._ZN7arduino7msgpack8Unpacker9unpackExtEv
                0x0000000000004084      0x178 /home/arduino/ArduinoApps/aura/.cache/sketch/sketch/sketch.ino.cpp.o
                0x0000000000004084                arduino::msgpack::Unpacker::unpackExt()
 .text._ZN8RpcUtils6detail12unpackObjectERN7arduino7msgpack8UnpackerE
                0x00000000000041fc      0x29c /home/arduino/ArduinoApps/aura/.cache/sketch/sketch/sketch.ino.cpp.o
                0x00000000000041fc                RpcUtils::detail::unpackObject(arduino::msgpack::Unpacker&)
 .text._ZN10RpcDecoderILj1024EE12parse_packetEv
                0x0000000000004498      0x13c /home/arduino/ArduinoApps/aura/.cache/sketch/sketch/sketch.ino.cpp.o
                0x0000000000004498                RpcDecoder<1024u>::parse_packet()
 .text._ZN10RpcDecoderILj1024EE6decodeEv
                0x00000000000045d4       0x40 /home/arduino/ArduinoApps/aura/.cache/sketch/sketch/sketch.ino.cpp.o
                0x00000000000045d4                RpcDecoder<1024u>::decode()
 .text._ZN9RPCServer7get_rpcILj256EEEbR10RPCRequestIXT_EEN7arduino6StringE
                0x0000000000004614       0xd0 /home/arduino/ArduinoApps/aura/.cache/sketch/sketch/sketch.ino.cpp.o
                0x0000000000004614                bool RPCServer::get_rpc<256u>(RPCRequest<256u>&, arduino::String)
 .text._ZN11BridgeClass11update_safeEv
                0x00000000000046e4       0xb0 /home/arduino/ArduinoApps/aura/.cache/sketch/sketch/sketch.ino.cpp.o
                0x00000000000046e4                BridgeClass::update_safe()
 .text._Z10__loopHookv
                0x0000000000004794       0x28 /home/arduino/ArduinoApps/aura/.cache/sketch/sketch/sketch.ino.cpp.o
                0x0000000000004794                __loopHook()
 .text._ZN11BridgeClass6updateEv
                0x00000000000047bc       0xb0 /home/arduino/ArduinoApps/aura/.cache/sketch/sketch/sketch.ino.cpp.o
                0x00000000000047bc                BridgeClass::update()
 .text._Z16updateEntryPointPvS_S_
                0x000000000000486c       0x28 /home/arduino/ArduinoApps/aura/.cache/sketch/sketch/sketch.ino.cpp.o
                0x000000000000486c                updateEntryPoint(void*, void*, void*)
 .text._ZN9RPCClient12get_responseIbEEbjRT_R8RpcError
                0x0000000000004894       0x40 /home/arduino/ArduinoApps/aura/.cache/sketch/sketch/sketch.ino.cpp.o
                0x0000000000004894                bool RPCClient::get_response<bool>(unsigned int, bool&, RpcError&)
 .text._ZN7RpcCallIJEE6resultIbEEbRT_
                0x00000000000048d4       0xf4 /home/arduino/ArduinoApps/aura/.cache/sketch/sketch/sketch.ino.cpp.o
                0x00000000000048d4                bool RpcCall<>::result<bool>(bool&)
 .text._ZN7RpcCallIJRKN7arduino6StringEEE6resultIbEEbRT_
                0x00000000000049c8      0x120 /home/arduino/ArduinoApps/aura/.cache/sketch/sketch/sketch.ino.cpp.o
                0x00000000000049c8                bool RpcCall<arduino::String const&>::result<bool>(bool&)
 .text._ZN9RPCClient12get_responseIN7arduino7msgpack6object5nil_tEEEbjRT_R8RpcError
                0x0000000000004ae8       0x40 /home/arduino/ArduinoApps/aura/.cache/sketch/sketch/sketch.ino.cpp.o
                0x0000000000004ae8                bool RPCClient::get_response<arduino::msgpack::object::nil_t>(unsigned int, arduino::msgpack::object::nil_t&, RpcError&)
 .text._ZN7RpcCallIJRKN7arduino6StringEEED2Ev
                0x0000000000004b28      0x120 /home/arduino/ArduinoApps/aura/.cache/sketch/sketch/sketch.ino.cpp.o
                0x0000000000004b28                RpcCall<arduino::String const&>::~RpcCall()
                0x0000000000004b28                RpcCall<arduino::String const&>::~RpcCall()
 .text._ZN11BridgeClass7provideIRFvvEEEbRKN7arduino6StringEOT_.isra.0
                0x0000000000004c48      0x10c /home/arduino/ArduinoApps/aura/.cache/sketch/sketch/sketch.ino.cpp.o
 .text._ZN7RpcCallIJEED2Ev
                0x0000000000004d54       0xfc /home/arduino/ArduinoApps/aura/.cache/sketch/sketch/sketch.ino.cpp.o
                0x0000000000004d54                RpcCall<>::~RpcCall()
                0x0000000000004d54                RpcCall<>::~RpcCall()
 .text._ZN11BridgeClass5beginEm
                0x0000000000004e50      0x1f0 /home/arduino/ArduinoApps/aura/.cache/sketch/sketch/sketch.ino.cpp.o
                0x0000000000004e50                BridgeClass::begin(unsigned long)
 .text._ZN7RpcCallIJEE6resultIN7arduino6StringEEEbRT_
                0x0000000000005040      0x114 /home/arduino/ArduinoApps/aura/.cache/sketch/sketch/sketch.ino.cpp.o
                0x0000000000005040                bool RpcCall<>::result<arduino::String>(arduino::String&)
 .text._ZN8RpcUtils6detail9unpackMapERN7arduino7msgpack8UnpackerERj
                0x0000000000005154       0x80 /home/arduino/ArduinoApps/aura/.cache/sketch/sketch/sketch.ino.cpp.o
                0x0000000000005154                RpcUtils::detail::unpackMap(arduino::msgpack::Unpacker&, unsigned int&)
 .text._ZN8RpcUtils6detail18deserialize_singleIiEEiRN7arduino7msgpack8UnpackerERT_
                0x00000000000051d4       0x10 /home/arduino/ArduinoApps/aura/.cache/sketch/sketch/sketch.ino.cpp.o
                0x00000000000051d4                int RpcUtils::detail::deserialize_single<int>(arduino::msgpack::Unpacker&, int&)
 .text._ZN18RpcFunctionWrapperISt8functionIFviiiEEE11handle_callIvEENSt9enable_ifIXsrSt7is_voidIT_E5valueEiE4typeERN7arduino7msgpack8UnpackerERNSC_6PackerE
                0x00000000000051e4       0x80 /home/arduino/ArduinoApps/aura/.cache/sketch/sketch/sketch.ino.cpp.o
                0x00000000000051e4                std::enable_if<std::is_void<void>::value, int>::type RpcFunctionWrapper<std::function<void (int, int, int)> >::handle_call<void>(arduino::msgpack::Unpacker&, arduino::msgpack::Packer&)
 .text._ZN18RpcFunctionWrapperISt8functionIFviiiEEEclERN7arduino7msgpack8UnpackerERNS5_6PackerE
                0x0000000000005264       0xf0 /home/arduino/ArduinoApps/aura/.cache/sketch/sketch/sketch.ino.cpp.o
                0x0000000000005264                RpcFunctionWrapper<std::function<void (int, int, int)> >::operator()(arduino::msgpack::Unpacker&, arduino::msgpack::Packer&)
 .text._ZN18RpcFunctionWrapperISt8functionIFviN7arduino6StringEEEEclERNS1_7msgpack8UnpackerERNS6_6PackerE
                0x0000000000005354      0x154 /home/arduino/ArduinoApps/aura/.cache/sketch/sketch/sketch.ino.cpp.o
                0x0000000000005354                RpcFunctionWrapper<std::function<void (int, arduino::String)> >::operator()(arduino::msgpack::Unpacker&, arduino::msgpack::Packer&)
 .text._GLOBAL__sub_I_fputs
                0x00000000000054a8       0x9c /home/arduino/ArduinoApps/aura/.cache/sketch/sketch/sketch.ino.cpp.o
 .text._GLOBAL__sub_D_fputs
                0x0000000000005544       0x20 /home/arduino/ArduinoApps/aura/.cache/sketch/sketch/sketch.ino.cpp.o
 .text.setup    0x0000000000005564      0x674 /home/arduino/ArduinoApps/aura/.cache/sketch/sketch/sketch.ino.cpp.o
                0x0000000000005564                setup
 .text._ZN7arduino9ZephyrI2C5writeEi
                0x0000000000005bd8        0x8 /home/arduino/ArduinoApps/aura/.cache/sketch/libraries/Wire/Wire.cpp.o
                0x0000000000005bd8                arduino::ZephyrI2C::write(int)
 .text._ZN7arduino9ZephyrI2C15endTransmissionEv
                0x0000000000005be0        0x8 /home/arduino/ArduinoApps/aura/.cache/sketch/libraries/Wire/Wire.cpp.o
                0x0000000000005be0                arduino::ZephyrI2C::endTransmission()
 .text._ZN7arduino9ZephyrI2C11requestFromEhj
                0x0000000000005be8       0x10 /home/arduino/ArduinoApps/aura/.cache/sketch/libraries/Wire/Wire.cpp.o
                0x0000000000005be8                arduino::ZephyrI2C::requestFrom(unsigned char, unsigned int)
 .text._ZN7arduino9ZephyrI2C9availableEv
                0x0000000000005bf8        0xe /home/arduino/ArduinoApps/aura/.cache/sketch/libraries/Wire/Wire.cpp.o
                0x0000000000005bf8                arduino::ZephyrI2C::available()
 .text._ZN7arduino9ZephyrI2C5flushEv
                0x0000000000005c06        0x2 /home/arduino/ArduinoApps/aura/.cache/sketch/libraries/Wire/Wire.cpp.o
                0x0000000000005c06                arduino::ZephyrI2C::flush()
 .text._ZN7arduino9ZephyrI2C9onReceiveEPFviE
                0x0000000000005c08        0x6 /home/arduino/ArduinoApps/aura/.cache/sketch/libraries/Wire/Wire.cpp.o
                0x0000000000005c08                arduino::ZephyrI2C::onReceive(void (*)(int))
 .text._ZN7arduino9ZephyrI2C9onRequestEPFvvE
                0x0000000000005c0e        0x6 /home/arduino/ArduinoApps/aura/.cache/sketch/libraries/Wire/Wire.cpp.o
                0x0000000000005c0e                arduino::ZephyrI2C::onRequest(void (*)())
 .text._ZN7arduino9ZephyrI2C5beginEv
                0x0000000000005c14        0xc /home/arduino/ArduinoApps/aura/.cache/sketch/libraries/Wire/Wire.cpp.o
                0x0000000000005c14                arduino::ZephyrI2C::begin()
 .text._ZN7arduino9ZephyrI2C5writeEh
                0x0000000000005c20       0x1c /home/arduino/ArduinoApps/aura/.cache/sketch/libraries/Wire/Wire.cpp.o
                0x0000000000005c20                arduino::ZephyrI2C::write(unsigned char)
 .text._ZN7arduino9ZephyrI2C5writeEPKhj
                0x0000000000005c3c        0xc /home/arduino/ArduinoApps/aura/.cache/sketch/libraries/Wire/Wire.cpp.o
                0x0000000000005c3c                arduino::ZephyrI2C::write(unsigned char const*, unsigned int)
 .text._ZN7arduino9ZephyrI2C4readEv
                0x0000000000005c48       0x28 /home/arduino/ArduinoApps/aura/.cache/sketch/libraries/Wire/Wire.cpp.o
                0x0000000000005c48                arduino::ZephyrI2C::read()
 .text._ZL28i2c_target_read_processed_cbP17i2c_target_configPh
                0x0000000000005c70       0x18 /home/arduino/ArduinoApps/aura/.cache/sketch/libraries/Wire/Wire.cpp.o
 .text._ZN7arduino9ZephyrI2C4peekEv
                0x0000000000005c88       0x28 /home/arduino/ArduinoApps/aura/.cache/sketch/libraries/Wire/Wire.cpp.o
                0x0000000000005c88                arduino::ZephyrI2C::peek()
 .text._ZN7arduino9ZephyrI2C5beginEh
                0x0000000000005cb0       0x2c /home/arduino/ArduinoApps/aura/.cache/sketch/libraries/Wire/Wire.cpp.o
                0x0000000000005cb0                arduino::ZephyrI2C::begin(unsigned char)
 .text._ZN7arduino9ZephyrI2C8setClockEj
                0x0000000000005cdc       0x3c /home/arduino/ArduinoApps/aura/.cache/sketch/libraries/Wire/Wire.cpp.o
                0x0000000000005cdc                arduino::ZephyrI2C::setClock(unsigned int)